#
# There is insufficient memory for the Java Runtime Environment to continue.
# Native memory allocation (mmap) failed to map 65536 bytes for Failed to commit metaspace.
# Possible reasons:
#   The system is out of physical RAM or swap space
#   The process is running with CompressedOops enabled, and the Java Heap may be blocking the growth of the native heap
# Possible solutions:
#   Reduce memory load on the system
#   Increase physical memory or swap space
#   Check if swap backing store is full
#   Decrease Java heap size (-Xmx/-Xms)
#   Decrease number of Java threads
#   Decrease Java thread stack sizes (-Xss)
#   Set larger code cache with -XX:ReservedCodeCacheSize=
#   JVM is running with Zero Based Compressed Oops mode in which the Java heap is
#     placed in the first 32GB address space. The Java Heap base address is the
#     maximum limit for the native heap growth. Please use -XX:HeapBaseMinAddress
#     to set the Java Heap base and to place the Java Heap above 32GB virtual address.
# This output file may be truncated or incomplete.
#
#  Out of Memory Error (virtualSpaceNode.cpp:110), pid=15132, tid=3104
#
# JRE version: Java(TM) SE Runtime Environment (17.0.9+11) (build 17.0.9+11-LTS-201)
# Java VM: Java HotSpot(TM) 64-Bit Server VM (17.0.9+11-LTS-201, mixed mode, emulated-client, sharing, tiered, compressed oops, compressed class ptrs, g1 gc, windows-amd64)
# No core dump will be written. Minidumps are not enabled by default on client versions of Windows
#

---------------  S U M M A R Y ------------

Command Line: -XX:TieredStopAtLevel=1 -Dspring.output.ansi.enabled=always -Dcom.sun.management.jmxremote -Dspring.jmx.enabled=true -Dspring.liveBeansView.mbeanDomain -Dspring.application.admin.enabled=true -Dmanagement.endpoints.jmx.exposure.include=* -javaagent:C:\Program Files\JetBrains\IntelliJ IDEA 2025.2.1\lib\idea_rt.jar=63209 -Dfile.encoding=UTF-8 com.example.backend.BackendApplication

Host: Intel(R) Core(TM) i3-1005G1 CPU @ 1.20GHz, 4 cores, 11G,  Windows 11 , 64 bit Build 26100 (10.0.26100.4768)
Time: Fri Sep 12 18:53:58 2025 SE Asia Standard Time elapsed time: 0.557054 seconds (0d 0h 0m 0s)

---------------  T H R E A D  ---------------

Current thread (0x0000021b2127d8e0):  JavaThread "main" [_thread_in_vm, id=3104, stack(0x000000c3cc900000,0x000000c3cca00000)]

Stack: [0x000000c3cc900000,0x000000c3cca00000]
Native frames: (J=compiled Java code, j=interpreted, Vv=VM code, C=native code)
V  [jvm.dll+0x678a4a]
V  [jvm.dll+0x7d9cfd]
V  [jvm.dll+0x7db60e]
V  [jvm.dll+0x7dbc73]
V  [jvm.dll+0x245e1f]
V  [jvm.dll+0x7d5a0b]
V  [jvm.dll+0x61ebc6]
V  [jvm.dll+0x1c01f7]
V  [jvm.dll+0x621530]
V  [jvm.dll+0x61f586]
V  [jvm.dll+0x36a3c2]
V  [jvm.dll+0x1e1b4b]
V  [jvm.dll+0x53eb15]
V  [jvm.dll+0x1f0caa]
V  [jvm.dll+0x75394d]
V  [jvm.dll+0x754d46]
V  [jvm.dll+0x755078]
V  [jvm.dll+0x23e1db]
V  [jvm.dll+0x37dd3e]
C  0x0000021b28b29ad7

Java frames: (J=compiled Java code, j=interpreted, Vv=VM code)
j  sun.security.util.KnownOIDs.<clinit>()V+991 java.base@17.0.9
v  ~StubRoutines::call_stub
j  sun.security.util.SecurityProviderConstants.<clinit>()V+492 java.base@17.0.9
v  ~StubRoutines::call_stub
j  sun.security.provider.SunEntries.addWithAlias(Ljava/security/Provider;Ljava/lang/String;Ljava/lang/String;Ljava/lang/String;Ljava/util/HashMap;)V+14 java.base@17.0.9
j  sun.security.provider.SunEntries.<init>(Ljava/security/Provider;)V+166 java.base@17.0.9
j  sun.security.provider.Sun.<init>()V+18 java.base@17.0.9
j  sun.security.jca.ProviderConfig.getProvider()Ljava/security/Provider;+67 java.base@17.0.9
j  sun.security.jca.ProviderList.getProvider(I)Ljava/security/Provider;+6 java.base@17.0.9
j  sun.security.jca.ProviderList$3.get(I)Ljava/security/Provider;+5 java.base@17.0.9
j  sun.security.jca.ProviderList$3.get(I)Ljava/lang/Object;+2 java.base@17.0.9
j  java.util.AbstractList$Itr.next()Ljava/lang/Object;+14 java.base@17.0.9
j  java.security.SecureRandom.getDefaultPRNG(Z[B)V+30 java.base@17.0.9
j  java.security.SecureRandom.<init>()V+23 java.base@17.0.9
j  java.rmi.server.UID.<init>()V+20 java.rmi@17.0.9
j  java.rmi.server.ObjID.<clinit>()V+14 java.rmi@17.0.9
v  ~StubRoutines::call_stub
j  sun.rmi.transport.LiveRef.<init>(ILjava/rmi/server/RMIClientSocketFactory;Ljava/rmi/server/RMIServerSocketFactory;)V+1 java.rmi@17.0.9
j  sun.rmi.server.UnicastServerRef2.<init>(ILjava/rmi/server/RMIClientSocketFactory;Ljava/rmi/server/RMIServerSocketFactory;Ljava/io/ObjectInputFilter;)V+8 java.rmi@17.0.9
j  sun.management.jmxremote.ConnectorBootstrap$PermanentExporter.exportObject(Ljava/rmi/Remote;ILjava/rmi/server/RMIClientSocketFactory;Ljava/rmi/server/RMIServerSocketFactory;Ljava/io/ObjectInputFilter;)Ljava/rmi/Remote;+72 jdk.management.agent@17.0.9
j  javax.management.remote.rmi.RMIJRMPServerImpl.export(Ljava/rmi/Remote;Ljava/io/ObjectInputFilter;)V+62 java.management.rmi@17.0.9
j  javax.management.remote.rmi.RMIJRMPServerImpl.export()V+6 java.management.rmi@17.0.9
j  javax.management.remote.rmi.RMIConnectorServer.start()V+257 java.management.rmi@17.0.9
j  sun.management.jmxremote.ConnectorBootstrap.startLocalConnectorServer()Ljavax/management/remote/JMXConnectorServer;+290 jdk.management.agent@17.0.9
j  jdk.internal.agent.Agent.startLocalManagementAgent()V+13 jdk.management.agent@17.0.9
j  jdk.internal.agent.Agent.startAgent(Ljava/util/Properties;)V+58 jdk.management.agent@17.0.9
j  jdk.internal.agent.Agent.startAgent()V+20 jdk.management.agent@17.0.9
v  ~StubRoutines::call_stub

---------------  P R O C E S S  ---------------

Threads class SMR info:
_java_thread_list=0x0000021b7a4b2ad0, length=14, elements={
0x0000021b2127d8e0, 0x0000021b34f1f380, 0x0000021b34f1fd40, 0x0000021b34f38130,
0x0000021b34f38a00, 0x0000021b34f3bab0, 0x0000021b34f396c0, 0x0000021b34f3a650,
0x0000021b34f44b90, 0x0000021b34f09870, 0x0000021b7a1c83a0, 0x0000021b7a1c8eb0,
0x0000021b7a50cdf0, 0x0000021b7a50d6d0
}

Java Threads: ( => current thread )
=>0x0000021b2127d8e0 JavaThread "main" [_thread_in_vm, id=3104, stack(0x000000c3cc900000,0x000000c3cca00000)]
  0x0000021b34f1f380 JavaThread "Reference Handler" daemon [_thread_blocked, id=9820, stack(0x000000c3cd000000,0x000000c3cd100000)]
  0x0000021b34f1fd40 JavaThread "Finalizer" daemon [_thread_blocked, id=4220, stack(0x000000c3cd100000,0x000000c3cd200000)]
  0x0000021b34f38130 JavaThread "Signal Dispatcher" daemon [_thread_blocked, id=104, stack(0x000000c3cd200000,0x000000c3cd300000)]
  0x0000021b34f38a00 JavaThread "Attach Listener" daemon [_thread_blocked, id=2992, stack(0x000000c3cd300000,0x000000c3cd400000)]
  0x0000021b34f3bab0 JavaThread "Service Thread" daemon [_thread_blocked, id=6028, stack(0x000000c3cd400000,0x000000c3cd500000)]
  0x0000021b34f396c0 JavaThread "Monitor Deflation Thread" daemon [_thread_blocked, id=9064, stack(0x000000c3cd500000,0x000000c3cd600000)]
  0x0000021b34f3a650 JavaThread "C1 CompilerThread0" daemon [_thread_blocked, id=9640, stack(0x000000c3cd600000,0x000000c3cd700000)]
  0x0000021b34f44b90 JavaThread "Sweeper thread" daemon [_thread_blocked, id=11848, stack(0x000000c3cd700000,0x000000c3cd800000)]
  0x0000021b34f09870 JavaThread "Common-Cleaner" daemon [_thread_blocked, id=12028, stack(0x000000c3cd800000,0x000000c3cd900000)]
  0x0000021b7a1c83a0 JavaThread "C1 CompilerThread1" daemon [_thread_blocked, id=6072, stack(0x000000c3cd900000,0x000000c3cda00000)]
  0x0000021b7a1c8eb0 JavaThread "C1 CompilerThread2" daemon [_thread_blocked, id=15496, stack(0x000000c3cda00000,0x000000c3cdb00000)]
  0x0000021b7a50cdf0 JavaThread "Monitor Ctrl-Break" daemon [_thread_in_native, id=16192, stack(0x000000c3cdb00000,0x000000c3cdc00000)]
  0x0000021b7a50d6d0 JavaThread "Notification Thread" daemon [_thread_blocked, id=10408, stack(0x000000c3cdc00000,0x000000c3cdd00000)]

Other Threads:
  0x0000021b34f1a230 VMThread "VM Thread" [stack: 0x000000c3ccf00000,0x000000c3cd000000] [id=15160]
  0x0000021b212d7f40 GCTaskThread "GC Thread#0" [stack: 0x000000c3cca00000,0x000000c3ccb00000] [id=6280]
  0x0000021b212e5760 ConcurrentGCThread "G1 Main Marker" [stack: 0x000000c3ccb00000,0x000000c3ccc00000] [id=13804]
  0x0000021b212e6810 ConcurrentGCThread "G1 Conc#0" [stack: 0x000000c3ccc00000,0x000000c3ccd00000] [id=2912]
  0x0000021b2132b930 ConcurrentGCThread "G1 Refine#0" [stack: 0x000000c3ccd00000,0x000000c3cce00000] [id=4388]
  0x0000021b2132c100 ConcurrentGCThread "G1 Service" [stack: 0x000000c3cce00000,0x000000c3ccf00000] [id=5828]

Threads with active compile tasks:

VM state: not at safepoint (normal execution)

VM Mutex/Monitor currently owned by a thread:  ([mutex/lock_event])
[0x0000021b21279a30] Metaspace_lock - owner thread: 0x0000021b2127d8e0

Heap address: 0x0000000743000000, size: 3024 MB, Compressed Oops mode: Zero based, Oop shift amount: 3

CDS archive(s) mapped at: [0x0000021b35000000-0x0000021b35bd0000-0x0000021b35bd0000), size 12386304, SharedBaseAddress: 0x0000021b35000000, ArchiveRelocationMode: 1.
Compressed class space mapped at: 0x0000021b36000000-0x0000021b76000000, reserved size: 1073741824
Narrow klass base: 0x0000021b35000000, Narrow klass shift: 0, Narrow klass range: 0x100000000

GC Precious Log:
 CPUs: 4 total, 4 available
 Memory: 12094M
 Large Page Support: Disabled
 NUMA Support: Disabled
 Compressed Oops: Enabled (Zero based)
 Heap Region Size: 2M
 Heap Min Capacity: 8M
 Heap Initial Capacity: 190M
 Heap Max Capacity: 3024M
 Pre-touch: Disabled
 Parallel Workers: 4
 Concurrent Workers: 1
 Concurrent Refinement Workers: 4
 Periodic GC: Disabled

Heap:
 garbage-first heap   total 194560K, used 10240K [0x0000000743000000, 0x0000000800000000)
  region size 2048K, 6 young (12288K), 0 survivors (0K)
 Metaspace       used 3367K, committed 3520K, reserved 1114112K
  class space    used 400K, committed 448K, reserved 1048576K

Heap Regions: E=young(eden), S=young(survivor), O=old, HS=humongous(starts), HC=humongous(continues), CS=collection set, F=free, OA=open archive, CA=closed archive, TAMS=top-at-mark-start (previous, next)
|   0|0x0000000743000000, 0x0000000743000000, 0x0000000743200000|  0%| F|  |TAMS 0x0000000743000000, 0x0000000743000000| Untracked 
|   1|0x0000000743200000, 0x0000000743200000, 0x0000000743400000|  0%| F|  |TAMS 0x0000000743200000, 0x0000000743200000| Untracked 
|   2|0x0000000743400000, 0x0000000743400000, 0x0000000743600000|  0%| F|  |TAMS 0x0000000743400000, 0x0000000743400000| Untracked 
|   3|0x0000000743600000, 0x0000000743600000, 0x0000000743800000|  0%| F|  |TAMS 0x0000000743600000, 0x0000000743600000| Untracked 
|   4|0x0000000743800000, 0x0000000743800000, 0x0000000743a00000|  0%| F|  |TAMS 0x0000000743800000, 0x0000000743800000| Untracked 
|   5|0x0000000743a00000, 0x0000000743a00000, 0x0000000743c00000|  0%| F|  |TAMS 0x0000000743a00000, 0x0000000743a00000| Untracked 
|   6|0x0000000743c00000, 0x0000000743c00000, 0x0000000743e00000|  0%| F|  |TAMS 0x0000000743c00000, 0x0000000743c00000| Untracked 
|   7|0x0000000743e00000, 0x0000000743e00000, 0x0000000744000000|  0%| F|  |TAMS 0x0000000743e00000, 0x0000000743e00000| Untracked 
|   8|0x0000000744000000, 0x0000000744000000, 0x0000000744200000|  0%| F|  |TAMS 0x0000000744000000, 0x0000000744000000| Untracked 
|   9|0x0000000744200000, 0x0000000744200000, 0x0000000744400000|  0%| F|  |TAMS 0x0000000744200000, 0x0000000744200000| Untracked 
|  10|0x0000000744400000, 0x0000000744400000, 0x0000000744600000|  0%| F|  |TAMS 0x0000000744400000, 0x0000000744400000| Untracked 
|  11|0x0000000744600000, 0x0000000744600000, 0x0000000744800000|  0%| F|  |TAMS 0x0000000744600000, 0x0000000744600000| Untracked 
|  12|0x0000000744800000, 0x0000000744800000, 0x0000000744a00000|  0%| F|  |TAMS 0x0000000744800000, 0x0000000744800000| Untracked 
|  13|0x0000000744a00000, 0x0000000744a00000, 0x0000000744c00000|  0%| F|  |TAMS 0x0000000744a00000, 0x0000000744a00000| Untracked 
|  14|0x0000000744c00000, 0x0000000744c00000, 0x0000000744e00000|  0%| F|  |TAMS 0x0000000744c00000, 0x0000000744c00000| Untracked 
|  15|0x0000000744e00000, 0x0000000744e00000, 0x0000000745000000|  0%| F|  |TAMS 0x0000000744e00000, 0x0000000744e00000| Untracked 
|  16|0x0000000745000000, 0x0000000745000000, 0x0000000745200000|  0%| F|  |TAMS 0x0000000745000000, 0x0000000745000000| Untracked 
|  17|0x0000000745200000, 0x0000000745200000, 0x0000000745400000|  0%| F|  |TAMS 0x0000000745200000, 0x0000000745200000| Untracked 
|  18|0x0000000745400000, 0x0000000745400000, 0x0000000745600000|  0%| F|  |TAMS 0x0000000745400000, 0x0000000745400000| Untracked 
|  19|0x0000000745600000, 0x0000000745600000, 0x0000000745800000|  0%| F|  |TAMS 0x0000000745600000, 0x0000000745600000| Untracked 
|  20|0x0000000745800000, 0x0000000745800000, 0x0000000745a00000|  0%| F|  |TAMS 0x0000000745800000, 0x0000000745800000| Untracked 
|  21|0x0000000745a00000, 0x0000000745a00000, 0x0000000745c00000|  0%| F|  |TAMS 0x0000000745a00000, 0x0000000745a00000| Untracked 
|  22|0x0000000745c00000, 0x0000000745c00000, 0x0000000745e00000|  0%| F|  |TAMS 0x0000000745c00000, 0x0000000745c00000| Untracked 
|  23|0x0000000745e00000, 0x0000000745e00000, 0x0000000746000000|  0%| F|  |TAMS 0x0000000745e00000, 0x0000000745e00000| Untracked 
|  24|0x0000000746000000, 0x0000000746000000, 0x0000000746200000|  0%| F|  |TAMS 0x0000000746000000, 0x0000000746000000| Untracked 
|  25|0x0000000746200000, 0x0000000746200000, 0x0000000746400000|  0%| F|  |TAMS 0x0000000746200000, 0x0000000746200000| Untracked 
|  26|0x0000000746400000, 0x0000000746400000, 0x0000000746600000|  0%| F|  |TAMS 0x0000000746400000, 0x0000000746400000| Untracked 
|  27|0x0000000746600000, 0x0000000746600000, 0x0000000746800000|  0%| F|  |TAMS 0x0000000746600000, 0x0000000746600000| Untracked 
|  28|0x0000000746800000, 0x0000000746800000, 0x0000000746a00000|  0%| F|  |TAMS 0x0000000746800000, 0x0000000746800000| Untracked 
|  29|0x0000000746a00000, 0x0000000746a00000, 0x0000000746c00000|  0%| F|  |TAMS 0x0000000746a00000, 0x0000000746a00000| Untracked 
|  30|0x0000000746c00000, 0x0000000746c00000, 0x0000000746e00000|  0%| F|  |TAMS 0x0000000746c00000, 0x0000000746c00000| Untracked 
|  31|0x0000000746e00000, 0x0000000746e00000, 0x0000000747000000|  0%| F|  |TAMS 0x0000000746e00000, 0x0000000746e00000| Untracked 
|  32|0x0000000747000000, 0x0000000747000000, 0x0000000747200000|  0%| F|  |TAMS 0x0000000747000000, 0x0000000747000000| Untracked 
|  33|0x0000000747200000, 0x0000000747200000, 0x0000000747400000|  0%| F|  |TAMS 0x0000000747200000, 0x0000000747200000| Untracked 
|  34|0x0000000747400000, 0x0000000747400000, 0x0000000747600000|  0%| F|  |TAMS 0x0000000747400000, 0x0000000747400000| Untracked 
|  35|0x0000000747600000, 0x0000000747600000, 0x0000000747800000|  0%| F|  |TAMS 0x0000000747600000, 0x0000000747600000| Untracked 
|  36|0x0000000747800000, 0x0000000747800000, 0x0000000747a00000|  0%| F|  |TAMS 0x0000000747800000, 0x0000000747800000| Untracked 
|  37|0x0000000747a00000, 0x0000000747a00000, 0x0000000747c00000|  0%| F|  |TAMS 0x0000000747a00000, 0x0000000747a00000| Untracked 
|  38|0x0000000747c00000, 0x0000000747c00000, 0x0000000747e00000|  0%| F|  |TAMS 0x0000000747c00000, 0x0000000747c00000| Untracked 
|  39|0x0000000747e00000, 0x0000000747e00000, 0x0000000748000000|  0%| F|  |TAMS 0x0000000747e00000, 0x0000000747e00000| Untracked 
|  40|0x0000000748000000, 0x0000000748000000, 0x0000000748200000|  0%| F|  |TAMS 0x0000000748000000, 0x0000000748000000| Untracked 
|  41|0x0000000748200000, 0x0000000748200000, 0x0000000748400000|  0%| F|  |TAMS 0x0000000748200000, 0x0000000748200000| Untracked 
|  42|0x0000000748400000, 0x0000000748400000, 0x0000000748600000|  0%| F|  |TAMS 0x0000000748400000, 0x0000000748400000| Untracked 
|  43|0x0000000748600000, 0x0000000748600000, 0x0000000748800000|  0%| F|  |TAMS 0x0000000748600000, 0x0000000748600000| Untracked 
|  44|0x0000000748800000, 0x0000000748800000, 0x0000000748a00000|  0%| F|  |TAMS 0x0000000748800000, 0x0000000748800000| Untracked 
|  45|0x0000000748a00000, 0x0000000748a00000, 0x0000000748c00000|  0%| F|  |TAMS 0x0000000748a00000, 0x0000000748a00000| Untracked 
|  46|0x0000000748c00000, 0x0000000748c00000, 0x0000000748e00000|  0%| F|  |TAMS 0x0000000748c00000, 0x0000000748c00000| Untracked 
|  47|0x0000000748e00000, 0x0000000748e00000, 0x0000000749000000|  0%| F|  |TAMS 0x0000000748e00000, 0x0000000748e00000| Untracked 
|  48|0x0000000749000000, 0x0000000749000000, 0x0000000749200000|  0%| F|  |TAMS 0x0000000749000000, 0x0000000749000000| Untracked 
|  49|0x0000000749200000, 0x0000000749200000, 0x0000000749400000|  0%| F|  |TAMS 0x0000000749200000, 0x0000000749200000| Untracked 
|  50|0x0000000749400000, 0x0000000749400000, 0x0000000749600000|  0%| F|  |TAMS 0x0000000749400000, 0x0000000749400000| Untracked 
|  51|0x0000000749600000, 0x0000000749600000, 0x0000000749800000|  0%| F|  |TAMS 0x0000000749600000, 0x0000000749600000| Untracked 
|  52|0x0000000749800000, 0x0000000749800000, 0x0000000749a00000|  0%| F|  |TAMS 0x0000000749800000, 0x0000000749800000| Untracked 
|  53|0x0000000749a00000, 0x0000000749a00000, 0x0000000749c00000|  0%| F|  |TAMS 0x0000000749a00000, 0x0000000749a00000| Untracked 
|  54|0x0000000749c00000, 0x0000000749c00000, 0x0000000749e00000|  0%| F|  |TAMS 0x0000000749c00000, 0x0000000749c00000| Untracked 
|  55|0x0000000749e00000, 0x0000000749e00000, 0x000000074a000000|  0%| F|  |TAMS 0x0000000749e00000, 0x0000000749e00000| Untracked 
|  56|0x000000074a000000, 0x000000074a000000, 0x000000074a200000|  0%| F|  |TAMS 0x000000074a000000, 0x000000074a000000| Untracked 
|  57|0x000000074a200000, 0x000000074a200000, 0x000000074a400000|  0%| F|  |TAMS 0x000000074a200000, 0x000000074a200000| Untracked 
|  58|0x000000074a400000, 0x000000074a400000, 0x000000074a600000|  0%| F|  |TAMS 0x000000074a400000, 0x000000074a400000| Untracked 
|  59|0x000000074a600000, 0x000000074a600000, 0x000000074a800000|  0%| F|  |TAMS 0x000000074a600000, 0x000000074a600000| Untracked 
|  60|0x000000074a800000, 0x000000074a800000, 0x000000074aa00000|  0%| F|  |TAMS 0x000000074a800000, 0x000000074a800000| Untracked 
|  61|0x000000074aa00000, 0x000000074aa00000, 0x000000074ac00000|  0%| F|  |TAMS 0x000000074aa00000, 0x000000074aa00000| Untracked 
|  62|0x000000074ac00000, 0x000000074ac00000, 0x000000074ae00000|  0%| F|  |TAMS 0x000000074ac00000, 0x000000074ac00000| Untracked 
|  63|0x000000074ae00000, 0x000000074ae00000, 0x000000074b000000|  0%| F|  |TAMS 0x000000074ae00000, 0x000000074ae00000| Untracked 
|  64|0x000000074b000000, 0x000000074b000000, 0x000000074b200000|  0%| F|  |TAMS 0x000000074b000000, 0x000000074b000000| Untracked 
|  65|0x000000074b200000, 0x000000074b200000, 0x000000074b400000|  0%| F|  |TAMS 0x000000074b200000, 0x000000074b200000| Untracked 
|  66|0x000000074b400000, 0x000000074b400000, 0x000000074b600000|  0%| F|  |TAMS 0x000000074b400000, 0x000000074b400000| Untracked 
|  67|0x000000074b600000, 0x000000074b600000, 0x000000074b800000|  0%| F|  |TAMS 0x000000074b600000, 0x000000074b600000| Untracked 
|  68|0x000000074b800000, 0x000000074b800000, 0x000000074ba00000|  0%| F|  |TAMS 0x000000074b800000, 0x000000074b800000| Untracked 
|  69|0x000000074ba00000, 0x000000074ba00000, 0x000000074bc00000|  0%| F|  |TAMS 0x000000074ba00000, 0x000000074ba00000| Untracked 
|  70|0x000000074bc00000, 0x000000074bc00000, 0x000000074be00000|  0%| F|  |TAMS 0x000000074bc00000, 0x000000074bc00000| Untracked 
|  71|0x000000074be00000, 0x000000074be00000, 0x000000074c000000|  0%| F|  |TAMS 0x000000074be00000, 0x000000074be00000| Untracked 
|  72|0x000000074c000000, 0x000000074c000000, 0x000000074c200000|  0%| F|  |TAMS 0x000000074c000000, 0x000000074c000000| Untracked 
|  73|0x000000074c200000, 0x000000074c200000, 0x000000074c400000|  0%| F|  |TAMS 0x000000074c200000, 0x000000074c200000| Untracked 
|  74|0x000000074c400000, 0x000000074c400000, 0x000000074c600000|  0%| F|  |TAMS 0x000000074c400000, 0x000000074c400000| Untracked 
|  75|0x000000074c600000, 0x000000074c600000, 0x000000074c800000|  0%| F|  |TAMS 0x000000074c600000, 0x000000074c600000| Untracked 
|  76|0x000000074c800000, 0x000000074c800000, 0x000000074ca00000|  0%| F|  |TAMS 0x000000074c800000, 0x000000074c800000| Untracked 
|  77|0x000000074ca00000, 0x000000074ca00000, 0x000000074cc00000|  0%| F|  |TAMS 0x000000074ca00000, 0x000000074ca00000| Untracked 
|  78|0x000000074cc00000, 0x000000074cc00000, 0x000000074ce00000|  0%| F|  |TAMS 0x000000074cc00000, 0x000000074cc00000| Untracked 
|  79|0x000000074ce00000, 0x000000074ce00000, 0x000000074d000000|  0%| F|  |TAMS 0x000000074ce00000, 0x000000074ce00000| Untracked 
|  80|0x000000074d000000, 0x000000074d000000, 0x000000074d200000|  0%| F|  |TAMS 0x000000074d000000, 0x000000074d000000| Untracked 
|  81|0x000000074d200000, 0x000000074d200000, 0x000000074d400000|  0%| F|  |TAMS 0x000000074d200000, 0x000000074d200000| Untracked 
|  82|0x000000074d400000, 0x000000074d400000, 0x000000074d600000|  0%| F|  |TAMS 0x000000074d400000, 0x000000074d400000| Untracked 
|  83|0x000000074d600000, 0x000000074d600000, 0x000000074d800000|  0%| F|  |TAMS 0x000000074d600000, 0x000000074d600000| Untracked 
|  84|0x000000074d800000, 0x000000074d800000, 0x000000074da00000|  0%| F|  |TAMS 0x000000074d800000, 0x000000074d800000| Untracked 
|  85|0x000000074da00000, 0x000000074da00000, 0x000000074dc00000|  0%| F|  |TAMS 0x000000074da00000, 0x000000074da00000| Untracked 
|  86|0x000000074dc00000, 0x000000074dc00000, 0x000000074de00000|  0%| F|  |TAMS 0x000000074dc00000, 0x000000074dc00000| Untracked 
|  87|0x000000074de00000, 0x000000074de00000, 0x000000074e000000|  0%| F|  |TAMS 0x000000074de00000, 0x000000074de00000| Untracked 
|  88|0x000000074e000000, 0x000000074e000000, 0x000000074e200000|  0%| F|  |TAMS 0x000000074e000000, 0x000000074e000000| Untracked 
|  89|0x000000074e200000, 0x000000074e333fe0, 0x000000074e400000| 60%| E|  |TAMS 0x000000074e200000, 0x000000074e200000| Complete 
|  90|0x000000074e400000, 0x000000074e600000, 0x000000074e600000|100%| E|CS|TAMS 0x000000074e400000, 0x000000074e400000| Complete 
|  91|0x000000074e600000, 0x000000074e800000, 0x000000074e800000|100%| E|CS|TAMS 0x000000074e600000, 0x000000074e600000| Complete 
|  92|0x000000074e800000, 0x000000074ea00000, 0x000000074ea00000|100%| E|CS|TAMS 0x000000074e800000, 0x000000074e800000| Complete 
|  93|0x000000074ea00000, 0x000000074ec00000, 0x000000074ec00000|100%| E|CS|TAMS 0x000000074ea00000, 0x000000074ea00000| Complete 
|  94|0x000000074ec00000, 0x000000074ee00000, 0x000000074ee00000|100%| E|CS|TAMS 0x000000074ec00000, 0x000000074ec00000| Complete 

Card table byte_map: [0x0000021b2c100000,0x0000021b2c6f0000] _byte_map_base: 0x0000021b286e8000

Marking Bits (Prev, Next): (CMBitMap*) 0x0000021b212d8460, (CMBitMap*) 0x0000021b212d84a0
 Prev Bits: [0x0000021b2cce0000, 0x0000021b2fc20000)
 Next Bits: [0x0000021b2fc20000, 0x0000021b32b60000)

Polling page: 0x0000021b20a40000

Metaspace:

Usage:
  Non-class:      2.90 MB used.
      Class:    400.80 KB used.
       Both:      3.29 MB used.

Virtual space:
  Non-class space:       64.00 MB reserved,       3.00 MB (  5%) committed,  1 nodes.
      Class space:        1.00 GB reserved,     448.00 KB ( <1%) committed,  1 nodes.
             Both:        1.06 GB reserved,       3.44 MB ( <1%) committed. 

Chunk freelists:
   Non-Class:  11.93 MB
       Class:  15.53 MB
        Both:  27.46 MB

MaxMetaspaceSize: unlimited
CompressedClassSpaceSize: 1.00 GB
Initial GC threshold: 21.00 MB
Current GC threshold: 21.00 MB
CDS: on
MetaspaceReclaimPolicy: balanced
 - commit_granule_bytes: 65536.
 - commit_granule_words: 8192.
 - virtual_space_node_default_size: 8388608.
 - enlarge_chunks_in_place: 1.
 - new_chunks_are_fully_committed: 0.
 - uncommit_free_chunks: 1.
 - use_allocation_guard: 0.
 - handle_deallocations: 1.


Internal statistics:

num_allocs_failed_limit: 0.
num_arena_births: 66.
num_arena_deaths: 0.
num_vsnodes_births: 2.
num_vsnodes_deaths: 0.
num_space_committed: 55.
num_space_uncommitted: 0.
num_chunks_returned_to_freelist: 0.
num_chunks_taken_from_freelist: 74.
num_chunk_merges: 0.
num_chunk_splits: 50.
num_chunks_enlarged: 27.
num_inconsistent_stats: 0.

CodeCache: size=49152Kb used=3191Kb max_used=3191Kb free=45960Kb
 bounds [0x0000021b28b10000, 0x0000021b28e30000, 0x0000021b2bb10000]
 total_blobs=1163 nmethods=736 adapters=353
 compilation: enabled
              stopped_count=0, restarted_count=0
 full_count=0

Compilation events (20 events):
Event: 0.539 Thread 0x0000021b7a1c8eb0  727       1       java.lang.invoke.MethodTypeForm::cachedLambdaForm (23 bytes)
Event: 0.540 Thread 0x0000021b7a1c8eb0 nmethod 727 0x0000021b28e2ac10 code [0x0000021b28e2adc0, 0x0000021b28e2af98]
Event: 0.540 Thread 0x0000021b7a1c8eb0  728       1       java.util.Properties::getProperty (50 bytes)
Event: 0.540 Thread 0x0000021b34f3a650  729       1       java.util.logging.Logger::getName (5 bytes)
Event: 0.540 Thread 0x0000021b34f3a650 nmethod 729 0x0000021b28e2b090 code [0x0000021b28e2b220, 0x0000021b28e2b2f8]
Event: 0.540 Thread 0x0000021b7a1c8eb0 nmethod 728 0x0000021b28e2b390 code [0x0000021b28e2b540, 0x0000021b28e2b718]
Event: 0.540 Thread 0x0000021b7a1c8eb0  730       1       java.lang.invoke.InfoFromMemberName::getReferenceKind (5 bytes)
Event: 0.540 Thread 0x0000021b7a1c8eb0 nmethod 730 0x0000021b28e2b890 code [0x0000021b28e2ba20, 0x0000021b28e2baf8]
Event: 0.541 Thread 0x0000021b7a1c83a0  731       1       java.lang.invoke.DirectMethodHandle$Holder::invokeStatic (15 bytes)
Event: 0.541 Thread 0x0000021b7a1c8eb0  732       1       java.lang.reflect.Modifier::isFinal (13 bytes)
Event: 0.541 Thread 0x0000021b7a1c83a0 nmethod 731 0x0000021b28e2bb90 code [0x0000021b28e2bd40, 0x0000021b28e2be58]
Event: 0.541 Thread 0x0000021b7a1c8eb0 nmethod 732 0x0000021b28e2bf10 code [0x0000021b28e2c0a0, 0x0000021b28e2c158]
Event: 0.541 Thread 0x0000021b34f3a650  733       1       java.lang.invoke.TypeConvertingMethodAdapter::descriptorToName (36 bytes)
Event: 0.542 Thread 0x0000021b34f3a650 nmethod 733 0x0000021b28e2c210 code [0x0000021b28e2c400, 0x0000021b28e2c7c8]
Event: 0.545 Thread 0x0000021b7a1c8eb0  734       1       java.lang.StringBuilder::append (8 bytes)
Event: 0.545 Thread 0x0000021b34f3a650  735       1       java.lang.AbstractStringBuilder::append (55 bytes)
Event: 0.545 Thread 0x0000021b7a1c8eb0 nmethod 734 0x0000021b28e2d390 code [0x0000021b28e2d520, 0x0000021b28e2d608]
Event: 0.545 Thread 0x0000021b34f3a650 nmethod 735 0x0000021b28e2d690 code [0x0000021b28e2d840, 0x0000021b28e2d9f8]
Event: 0.547 Thread 0x0000021b7a1c8eb0  736       1       java.lang.Enum::<init> (15 bytes)
Event: 0.547 Thread 0x0000021b7a1c8eb0 nmethod 736 0x0000021b28e2db10 code [0x0000021b28e2dca0, 0x0000021b28e2ddb8]

GC Heap History (0 events):
No events

Deoptimization events (0 events):
No events

Classes unloaded (0 events):
No events

Classes redefined (0 events):
No events

Internal exceptions (7 events):
Event: 0.358 Thread 0x0000021b7a50cdf0 Exception <a 'java/lang/NoSuchMethodError'{0x000000074e481af8}: 'java.lang.Object java.lang.invoke.DirectMethodHandle$Holder.invokeStaticInit(java.lang.Object)'> (0x000000074e481af8) 
thrown [s\open\src\hotspot\share\interpreter\linkResolver.cpp, line 759]
Event: 0.370 Thread 0x0000021b7a50cdf0 Exception <a 'java/lang/NoSuchMethodError'{0x000000074e48f800}: 'void java.lang.invoke.DirectMethodHandle$Holder.invokeStatic(java.lang.Object, java.lang.Object)'> (0x000000074e48f800) 
thrown [s\open\src\hotspot\share\interpreter\linkResolver.cpp, line 759]
Event: 0.406 Thread 0x0000021b2127d8e0 Exception <a 'java/lang/NoSuchMethodError'{0x000000074e4cfd50}: 'int java.lang.invoke.DirectMethodHandle$Holder.invokeInterface(java.lang.Object, java.lang.Object)'> (0x000000074e4cfd50) 
thrown [s\open\src\hotspot\share\interpreter\linkResolver.cpp, line 759]
Event: 0.406 Thread 0x0000021b2127d8e0 Exception <a 'java/lang/IncompatibleClassChangeError'{0x000000074e4d3350}: Found class java.lang.Object, but interface was expected> (0x000000074e4d3350) 
thrown [s\open\src\hotspot\share\interpreter\linkResolver.cpp, line 826]
Event: 0.459 Thread 0x0000021b2127d8e0 Exception <a 'java/lang/NoSuchMethodError'{0x000000074e59ebb0}: 'int java.lang.invoke.DirectMethodHandle$Holder.invokeSpecial(java.lang.Object, java.lang.Object, java.lang.Object)'> (0x000000074e59ebb0) 
thrown [s\open\src\hotspot\share\interpreter\linkResolver.cpp, line 759]
Event: 0.510 Thread 0x0000021b2127d8e0 Exception <a 'java/lang/NoSuchMethodError'{0x000000074e298f88}: 'void java.lang.invoke.DirectMethodHandle$Holder.invokeStatic(java.lang.Object, java.lang.Object, java.lang.Object)'> (0x000000074e298f88) 
thrown [s\open\src\hotspot\share\interpreter\linkResolver.cpp, line 759]
Event: 0.523 Thread 0x0000021b2127d8e0 Exception <a 'java/lang/NoSuchMethodError'{0x000000074e2d5c00}: 'int java.lang.invoke.DirectMethodHandle$Holder.invokeSpecialIFC(java.lang.Object, java.lang.Object, java.lang.Object)'> (0x000000074e2d5c00) 
thrown [s\open\src\hotspot\share\interpreter\linkResolver.cpp, line 759]

VM Operations (10 events):
Event: 0.178 Executing VM operation: HandshakeAllThreads
Event: 0.178 Executing VM operation: HandshakeAllThreads done
Event: 0.356 Executing VM operation: HandshakeAllThreads
Event: 0.356 Executing VM operation: HandshakeAllThreads done
Event: 0.411 Executing VM operation: HandshakeAllThreads
Event: 0.411 Executing VM operation: HandshakeAllThreads done
Event: 0.412 Executing VM operation: HandshakeAllThreads
Event: 0.412 Executing VM operation: HandshakeAllThreads done
Event: 0.544 Executing VM operation: HandshakeAllThreads
Event: 0.544 Executing VM operation: HandshakeAllThreads done

Events (20 events):
Event: 0.545 loading class sun/security/provider/SunEntries done
Event: 0.545 loading class sun/security/provider/SunEntries$1
Event: 0.545 loading class sun/security/provider/SunEntries$1 done
Event: 0.545 loading class sun/security/provider/NativePRNG
Event: 0.545 loading class sun/security/provider/NativePRNG done
Event: 0.545 loading class sun/security/provider/NativePRNG$Blocking
Event: 0.545 loading class sun/security/provider/NativePRNG$Blocking done
Event: 0.545 loading class sun/security/provider/NativePRNG$NonBlocking
Event: 0.545 loading class sun/security/provider/NativePRNG$NonBlocking done
Event: 0.545 loading class java/security/Provider$Service
Event: 0.545 loading class java/security/Provider$Service done
Event: 0.545 loading class java/security/Provider$UString
Event: 0.545 loading class java/security/Provider$UString done
Event: 0.546 loading class sun/security/util/SecurityProviderConstants
Event: 0.546 loading class sun/security/util/SecurityProviderConstants done
Event: 0.546 loading class sun/security/util/KnownOIDs
Event: 0.546 loading class sun/security/util/KnownOIDs done
Event: 0.547 loading class sun/security/util/KnownOIDs$1
Event: 0.547 loading class sun/security/util/KnownOIDs$1 done
Event: 0.547 loading class sun/security/util/KnownOIDs$2


Dynamic libraries:
0x00007ff774000000 - 0x00007ff774010000 	C:\Program Files\Java\jdk-17\bin\java.exe
0x00007ffc6f540000 - 0x00007ffc6f7a7000 	C:\WINDOWS\SYSTEM32\ntdll.dll
0x00007ffc6de30000 - 0x00007ffc6def9000 	C:\WINDOWS\System32\KERNEL32.DLL
0x00007ffc6cbe0000 - 0x00007ffc6cfd0000 	C:\WINDOWS\System32\KERNELBASE.dll
0x00007ffc6c870000 - 0x00007ffc6c9bb000 	C:\WINDOWS\System32\ucrtbase.dll
0x00007ffc5ff20000 - 0x00007ffc5ff3b000 	C:\Program Files\Java\jdk-17\bin\VCRUNTIME140.dll
0x00007ffc676d0000 - 0x00007ffc676e9000 	C:\Program Files\Java\jdk-17\bin\jli.dll
0x00007ffc6d4a0000 - 0x00007ffc6d554000 	C:\WINDOWS\System32\ADVAPI32.dll
0x00007ffc6e2d0000 - 0x00007ffc6e379000 	C:\WINDOWS\System32\msvcrt.dll
0x00007ffc6d330000 - 0x00007ffc6d3d6000 	C:\WINDOWS\System32\sechost.dll
0x00007ffc6e920000 - 0x00007ffc6ea38000 	C:\WINDOWS\System32\RPCRT4.dll
0x00007ffc6f330000 - 0x00007ffc6f4f5000 	C:\WINDOWS\System32\USER32.dll
0x00007ffc6d1f0000 - 0x00007ffc6d217000 	C:\WINDOWS\System32\win32u.dll
0x00007ffc6df80000 - 0x00007ffc6dfab000 	C:\WINDOWS\System32\GDI32.dll
0x00007ffc6c670000 - 0x00007ffc6c7a8000 	C:\WINDOWS\System32\gdi32full.dll
0x00007ffc6d220000 - 0x00007ffc6d2c3000 	C:\WINDOWS\System32\msvcp_win.dll
0x00007ffc56380000 - 0x00007ffc5661a000 	C:\WINDOWS\WinSxS\amd64_microsoft.windows.common-controls_6595b64144ccf1df_6.0.26100.4768_none_3e0c112ce331287c\COMCTL32.dll
0x00007ffc5c970000 - 0x00007ffc5c97b000 	C:\WINDOWS\SYSTEM32\VERSION.dll
0x00007ffc6d3e0000 - 0x00007ffc6d40f000 	C:\WINDOWS\System32\IMM32.DLL
0x00007ffc69650000 - 0x00007ffc6965c000 	C:\Program Files\Java\jdk-17\bin\vcruntime140_1.dll
0x00007ffc582a0000 - 0x00007ffc5832e000 	C:\Program Files\Java\jdk-17\bin\msvcp140.dll
0x00007ffbca880000 - 0x00007ffbcb461000 	C:\Program Files\Java\jdk-17\bin\server\jvm.dll
0x00007ffc6de20000 - 0x00007ffc6de28000 	C:\WINDOWS\System32\PSAPI.DLL
0x00007ffc5cd50000 - 0x00007ffc5cd5a000 	C:\WINDOWS\SYSTEM32\WSOCK32.dll
0x00007ffc6e890000 - 0x00007ffc6e904000 	C:\WINDOWS\System32\WS2_32.dll
0x00007ffc58ad0000 - 0x00007ffc58b05000 	C:\WINDOWS\SYSTEM32\WINMM.dll
0x00007ffc6b3f0000 - 0x00007ffc6b40b000 	C:\WINDOWS\SYSTEM32\kernel.appcore.dll
0x00007ffc5cd40000 - 0x00007ffc5cd4a000 	C:\Program Files\Java\jdk-17\bin\jimage.dll
0x00007ffc67130000 - 0x00007ffc67371000 	C:\WINDOWS\SYSTEM32\DBGHELP.DLL
0x00007ffc6e500000 - 0x00007ffc6e885000 	C:\WINDOWS\System32\combase.dll
0x00007ffc6e390000 - 0x00007ffc6e470000 	C:\WINDOWS\System32\OLEAUT32.dll
0x00007ffc517a0000 - 0x00007ffc517e3000 	C:\WINDOWS\SYSTEM32\dbgcore.DLL
0x00007ffc6c9c0000 - 0x00007ffc6ca59000 	C:\WINDOWS\System32\bcryptPrimitives.dll
0x00007ffc60100000 - 0x00007ffc6010e000 	C:\Program Files\Java\jdk-17\bin\instrument.dll
0x00007ffc58770000 - 0x00007ffc58795000 	C:\Program Files\Java\jdk-17\bin\java.dll
0x00007ffc3fa50000 - 0x00007ffc3fb27000 	C:\Program Files\Java\jdk-17\bin\jsvml.dll
0x00007ffc6d6d0000 - 0x00007ffc6de1d000 	C:\WINDOWS\System32\SHELL32.dll
0x00007ffc6ca60000 - 0x00007ffc6cbd3000 	C:\WINDOWS\System32\wintypes.dll
0x00007ffc6a240000 - 0x00007ffc6aaa0000 	C:\WINDOWS\SYSTEM32\windows.storage.dll
0x00007ffc6ea40000 - 0x00007ffc6eb35000 	C:\WINDOWS\System32\SHCORE.dll
0x00007ffc6e260000 - 0x00007ffc6e2ca000 	C:\WINDOWS\System32\shlwapi.dll
0x00007ffc6c590000 - 0x00007ffc6c5b9000 	C:\WINDOWS\SYSTEM32\profapi.dll
0x00007ffc49930000 - 0x00007ffc49948000 	C:\Program Files\Java\jdk-17\bin\zip.dll
0x00007ffc5c980000 - 0x00007ffc5c999000 	C:\Program Files\Java\jdk-17\bin\net.dll
0x00007ffc5f270000 - 0x00007ffc5f38e000 	C:\WINDOWS\SYSTEM32\WINHTTP.dll
0x00007ffc6b980000 - 0x00007ffc6b9eb000 	C:\WINDOWS\system32\mswsock.dll
0x00007ffc58280000 - 0x00007ffc58296000 	C:\Program Files\Java\jdk-17\bin\nio.dll
0x00007ffc6aea0000 - 0x00007ffc6afc6000 	C:\WINDOWS\SYSTEM32\DNSAPI.dll
0x00007ffc6ae60000 - 0x00007ffc6ae93000 	C:\WINDOWS\SYSTEM32\IPHLPAPI.DLL
0x00007ffc6e380000 - 0x00007ffc6e38a000 	C:\WINDOWS\System32\NSI.dll
0x00007ffc57bf0000 - 0x00007ffc57bfb000 	C:\Windows\System32\rasadhlp.dll
0x00007ffc5d090000 - 0x00007ffc5d116000 	C:\WINDOWS\System32\fwpuclnt.dll
0x00007ffc600f0000 - 0x00007ffc600fa000 	C:\Program Files\Java\jdk-17\bin\management.dll
0x00007ffc600e0000 - 0x00007ffc600eb000 	C:\Program Files\Java\jdk-17\bin\management_ext.dll

dbghelp: loaded successfully - version: 4.0.5 - missing functions: none
symbol engine: initialized successfully - sym options: 0x614 - pdb path: .;C:\Program Files\Java\jdk-17\bin;C:\WINDOWS\SYSTEM32;C:\WINDOWS\WinSxS\amd64_microsoft.windows.common-controls_6595b64144ccf1df_6.0.26100.4768_none_3e0c112ce331287c;C:\Program Files\Java\jdk-17\bin\server

VM Arguments:
jvm_args: -XX:TieredStopAtLevel=1 -Dspring.output.ansi.enabled=always -Dcom.sun.management.jmxremote -Dspring.jmx.enabled=true -Dspring.liveBeansView.mbeanDomain -Dspring.application.admin.enabled=true -Dmanagement.endpoints.jmx.exposure.include=* -javaagent:C:\Program Files\JetBrains\IntelliJ IDEA 2025.2.1\lib\idea_rt.jar=63209 -Dfile.encoding=UTF-8 
java_command: com.example.backend.BackendApplication
java_class_path (initial): F:\ki_5\SWP\Backend\target\classes;C:\Users\asus\.m2\repository\org\springframework\boot\spring-boot-starter-data-jpa\3.5.5\spring-boot-starter-data-jpa-3.5.5.jar;C:\Users\asus\.m2\repository\org\springframework\boot\spring-boot-starter\3.5.5\spring-boot-starter-3.5.5.jar;C:\Users\asus\.m2\repository\org\springframework\boot\spring-boot-starter-logging\3.5.5\spring-boot-starter-logging-3.5.5.jar;C:\Users\asus\.m2\repository\ch\qos\logback\logback-classic\1.5.18\logback-classic-1.5.18.jar;C:\Users\asus\.m2\repository\ch\qos\logback\logback-core\1.5.18\logback-core-1.5.18.jar;C:\Users\asus\.m2\repository\org\apache\logging\log4j\log4j-to-slf4j\2.24.3\log4j-to-slf4j-2.24.3.jar;C:\Users\asus\.m2\repository\org\apache\logging\log4j\log4j-api\2.24.3\log4j-api-2.24.3.jar;C:\Users\asus\.m2\repository\org\slf4j\jul-to-slf4j\2.0.17\jul-to-slf4j-2.0.17.jar;C:\Users\asus\.m2\repository\jakarta\annotation\jakarta.annotation-api\2.1.1\jakarta.annotation-api-2.1.1.jar;C:\Users\asus\.m2\repository\org\yaml\snakeyaml\2.4\snakeyaml-2.4.jar;C:\Users\asus\.m2\repository\org\springframework\boot\spring-boot-starter-jdbc\3.5.5\spring-boot-starter-jdbc-3.5.5.jar;C:\Users\asus\.m2\repository\com\zaxxer\HikariCP\6.3.2\HikariCP-6.3.2.jar;C:\Users\asus\.m2\repository\org\springframework\spring-jdbc\6.2.10\spring-jdbc-6.2.10.jar;C:\Users\asus\.m2\repository\org\hibernate\orm\hibernate-core\6.6.26.Final\hibernate-core-6.6.26.Final.jar;C:\Users\asus\.m2\repository\jakarta\persistence\jakarta.persistence-api\3.1.0\jakarta.persistence-api-3.1.0.jar;C:\Users\asus\.m2\repository\jakarta\transaction\jakarta.transaction-api\2.0.1\jakarta.transaction-api-2.0.1.jar;C:\Users\asus\.m2\repository\org\jboss\logging\jboss-logging\3.6.1.Final\jboss-logging-3.6.1.Final.jar;C:\Users\asus\.m2\repository\org\hibernate\common\hibernate-commons-annotations\7.0.3.Final\hibernate-commons-annotations-7.0.3.Final.jar;C:\Users\asus\.m2\repository\io\smallrye\jandex\3.2.0\jandex-3.2.0.jar;C:\
Launcher Type: SUN_STANDARD

[Global flags]
     intx CICompilerCount                          = 3                                         {product} {ergonomic}
     uint ConcGCThreads                            = 1                                         {product} {ergonomic}
     uint G1ConcRefinementThreads                  = 4                                         {product} {ergonomic}
   size_t G1HeapRegionSize                         = 2097152                                   {product} {ergonomic}
    uintx GCDrainStackTargetSize                   = 64                                        {product} {ergonomic}
   size_t InitialHeapSize                          = 199229440                                 {product} {ergonomic}
     bool ManagementServer                         = true                                      {product} {command line}
   size_t MarkStackSize                            = 4194304                                   {product} {ergonomic}
   size_t MaxHeapSize                              = 3170893824                                {product} {ergonomic}
   size_t MaxNewSize                               = 1902116864                                {product} {ergonomic}
   size_t MinHeapDeltaBytes                        = 2097152                                   {product} {ergonomic}
   size_t MinHeapSize                              = 8388608                                   {product} {ergonomic}
    uintx NonProfiledCodeHeapSize                  = 0                                      {pd product} {ergonomic}
     bool ProfileInterpreter                       = false                                  {pd product} {command line}
    uintx ProfiledCodeHeapSize                     = 0                                      {pd product} {ergonomic}
   size_t SoftMaxHeapSize                          = 3170893824                             {manageable} {ergonomic}
     intx TieredStopAtLevel                        = 1                                         {product} {command line}
     bool UseCompressedClassPointers               = true                           {product lp64_product} {ergonomic}
     bool UseCompressedOops                        = true                           {product lp64_product} {ergonomic}
     bool UseG1GC                                  = true                                      {product} {ergonomic}
     bool UseLargePagesIndividualAllocation        = false                                  {pd product} {ergonomic}

Logging:
Log output configuration:
 #0: stdout all=warning uptime,level,tags
 #1: stderr all=off uptime,level,tags

Environment Variables:
JAVA_HOME=C:\Program Files\Java\jdk1.8.0_172
CLASSPATH=.;C:\Program Files\Java\jdk1.8.0_172\lib;C:\Program Files\Java\jdk1.8.0_172\jre\lib
PATH=C:\Program Files (x86)\Common Files\Oracle\Java\javapath;C:\Program Files\Common Files\Oracle\Java\javapath;C:\WINDOWS\system32;C:\WINDOWS;C:\WINDOWS\System32\Wbem;C:\WINDOWS\System32\WindowsPowerShell\v1.0\;C:\WINDOWS\System32\OpenSSH\;C:\msys64\mingw64\bin;C:\Program Files\dotnet\;C:\Program Files\Java\jdk1.8.0_172\bin;C:\MinGW\bin;F:\Git\cmd;C:\Program Files\Microsoft SQL Server\Client SDK\ODBC\170\Tools\Binn\;C:\Program Files (x86)\Microsoft SQL Server\160\Tools\Binn\;C:\Program Files\Microsoft SQL Server\160\Tools\Binn\;C:\Program Files\Microsoft SQL Server\160\DTS\Binn\;C:\ProgramData\chocolatey\bin;C:\Program Files\CMake\bin;C:\Program Files (x86)\Microsoft SQL Server\150\Tools\Binn\;C:\Program Files\Microsoft SQL Server\150\Tools\Binn\;C:\Program Files\Microsoft SQL Server\150\DTS\Binn\;C:\Program Files\nodejs\;C:\Program Files\Java\jdk1.8.0_172\bin;C:\Program Files\apache-maven-3.9.10\BIN;;C:\Program Files\Docker\Docker\resources\bin;C:\Users\asus\AppData\Local\Programs\Python\Python313\Scripts\;C:\Users\asus\AppData\Local\Programs\Python\Python313\;C:\Users\asus\AppData\Local\Programs\Python\Launcher\;C:\Program Files\MySQL\MySQL Shell 8.0\bin\;C:\Users\asus\AppData\Local\Programs\Python\Python38\Scripts\;C:\Users\asus\AppData\Local\Programs\Python\Python38\;C:\Users\asus\AppData\Local\Microsoft\WindowsApps;C:\Program Files\JetBrains\PyCharm 2021.2\bin;C:\Users\asus\AppData\Local\Microsoft\WindowsApps;C:\Program Files\JetBrains\IntelliJ IDEA Community Edition 2023.2\bin;;C:\Users\asus\AppData\Local\Programs\Microsoft VS Code\bin;C:\Users\asus\.dotnet\tools;C:\Users\asus\AppData\Local\GitHubDesktop\bin;C:\Users\asus\AppData\Roaming\npm;C:\Program Files\JetBrains\IntelliJ IDEA 2025.2.1\bin
USERNAME=asus
OS=Windows_NT
PROCESSOR_IDENTIFIER=Intel64 Family 6 Model 126 Stepping 5, GenuineIntel



---------------  S Y S T E M  ---------------

OS:
 Windows 11 , 64 bit Build 26100 (10.0.26100.4768)
OS uptime: 0 days 6:03 hours
Hyper-V role detected

CPU: total 4 (initial active 4) (2 cores per cpu, 2 threads per core) family 6 model 126 stepping 5 microcode 0xa6, cx8, cmov, fxsr, ht, mmx, 3dnowpref, sse, sse2, sse3, ssse3, sse4.1, sse4.2, popcnt, lzcnt, tsc, tscinvbit, avx, avx2, aes, erms, clmul, bmi1, bmi2, adx, avx512f, avx512dq, avx512cd, avx512bw, avx512vl, sha, fma, vzeroupper, avx512_vpopcntdq, avx512_vpclmulqdq, avx512_vaes, avx512_vnni, clflush, clflushopt, avx512_vbmi2, avx512_vbmi, hv

Memory: 4k page, system-wide physical 12094M (1057M free)
TotalPageFile size 16190M (AvailPageFile size 3M)
current process WorkingSet (physical memory assigned to process): 54M, peak: 54M
current process commit charge ("private bytes"): 270M, peak: 270M

vm_info: Java HotSpot(TM) 64-Bit Server VM (17.0.9+11-LTS-201) for windows-amd64 JRE (17.0.9+11-LTS-201), built on Oct 10 2023 23:16:06 by "mach5one" with MS VC++ 17.1 (VS2022)

END.
