#
# There is insufficient memory for the Java Runtime Environment to continue.
# Native memory allocation (malloc) failed to allocate 1361136 bytes. Error detail: Chunk::new
# Possible reasons:
#   The system is out of physical RAM or swap space
#   This process is running with CompressedOops enabled, and the Java Heap may be blocking the growth of the native heap
# Possible solutions:
#   Reduce memory load on the system
#   Increase physical memory or swap space
#   Check if swap backing store is full
#   Decrease Java heap size (-Xmx/-Xms)
#   Decrease number of Java threads
#   Decrease Java thread stack sizes (-Xss)
#   Set larger code cache with -XX:ReservedCodeCacheSize=
#   JVM is running with Unscaled Compressed Oops mode in which the Java heap is
#     placed in the first 4GB address space. The Java Heap base address is the
#     maximum limit for the native heap growth. Please use -XX:HeapBaseMinAddress
#     to set the Java Heap base and to place the Java Heap above 4GB virtual address.
# This output file may be truncated or incomplete.
#
#  Out of Memory Error (arena.cpp:168), pid=13140, tid=12112
#
# JRE version: OpenJDK Runtime Environment Temurin-21.0.8+9 (21.0.8+9) (build 21.0.8+9-LTS)
# Java VM: OpenJDK 64-Bit Server VM Temurin-21.0.8+9 (21.0.8+9-LTS, mixed mode, sharing, tiered, compressed oops, compressed class ptrs, parallel gc, windows-amd64)
# No core dump will be written. Minidumps are not enabled by default on client versions of Windows
#

---------------  S U M M A R Y ------------

Command Line: --add-modules=ALL-SYSTEM --add-opens=java.base/java.util=ALL-UNNAMED --add-opens=java.base/java.lang=ALL-UNNAMED --add-opens=java.base/sun.nio.fs=ALL-UNNAMED -Declipse.application=org.eclipse.jdt.ls.core.id1 -Dosgi.bundles.defaultStartLevel=4 -Declipse.product=org.eclipse.jdt.ls.core.product -Djava.import.generatesMetadataFilesAtProjectRoot=false -DDetectVMInstallationsJob.disabled=true -Dfile.encoding=utf8 -XX:+UseParallelGC -XX:GCTimeRatio=4 -XX:AdaptiveSizePolicyWeight=90 -Dsun.zip.disableMemoryMapping=true -Xmx2G -Xms100m -Xlog:disable -javaagent:c:\Users\asus\.cursor\extensions\redhat.java-1.45.0-win32-x64\lombok\lombok-1.18.39-4050.jar -XX:+HeapDumpOnOutOfMemoryError -XX:HeapDumpPath=c:\Users\asus\AppData\Roaming\Cursor\User\workspaceStorage\570915f8df1493885ea5033c798fb4e3\redhat.java -Daether.dependencyCollector.impl=bf c:\Users\asus\.cursor\extensions\redhat.java-1.45.0-win32-x64\server\plugins\org.eclipse.equinox.launcher_1.7.0.v20250519-0528.jar -configuration c:\Users\asus\AppData\Roaming\Cursor\User\globalStorage\redhat.java\1.45.0\config_win -data c:\Users\asus\AppData\Roaming\Cursor\User\workspaceStorage\570915f8df1493885ea5033c798fb4e3\redhat.java\jdt_ws --pipe=\\.\pipe\lsp-8b3537e4ce58af773fbe8df28ebe1015-sock

Host: Intel(R) Core(TM) i3-1005G1 CPU @ 1.20GHz, 4 cores, 11G,  Windows 11 , 64 bit Build 26100 (10.0.26100.4768)
Time: Sun Sep 21 12:13:53 2025 SE Asia Standard Time elapsed time: 1042.147619 seconds (0d 0h 17m 22s)

---------------  T H R E A D  ---------------

Current thread (0x0000025e2f2153e0):  JavaThread "C2 CompilerThread0" daemon [_thread_in_native, id=12112, stack(0x0000006ef4a00000,0x0000006ef4b00000) (1024K)]


Current CompileTask:
C2:1042147 25234   !   4       org.eclipse.jdt.internal.core.NameLookup::<init> (805 bytes)

Stack: [0x0000006ef4a00000,0x0000006ef4b00000]
Native frames: (J=compiled Java code, j=interpreted, Vv=VM code, C=native code)
V  [jvm.dll+0x6d2449]
V  [jvm.dll+0x8ae341]
V  [jvm.dll+0x8b08be]
V  [jvm.dll+0x8b0fa3]
V  [jvm.dll+0x280c96]
V  [jvm.dll+0xc581d]
V  [jvm.dll+0xc5d53]
V  [jvm.dll+0x3b9162]
V  [jvm.dll+0x385315]
V  [jvm.dll+0x38477a]
V  [jvm.dll+0x248ed0]
V  [jvm.dll+0x2484af]
V  [jvm.dll+0x1c89ee]
V  [jvm.dll+0x257d4d]
V  [jvm.dll+0x2562ea]
V  [jvm.dll+0x3f2d16]
V  [jvm.dll+0x857e6b]
V  [jvm.dll+0x6d0b0d]
C  [ucrtbase.dll+0x37b0]
C  [KERNEL32.DLL+0x2e8d7]
C  [ntdll.dll+0x3c34c]


---------------  P R O C E S S  ---------------

Threads class SMR info:
_java_thread_list=0x0000025ea1d96840, length=38, elements={
0x0000025e2cee7a90, 0x0000025e2f3ce420, 0x0000025e2f208b30, 0x0000025e2f20b400,
0x0000025e2f2100f0, 0x0000025e2f211b50, 0x0000025e2f2125a0, 0x0000025e2f2153e0,
0x0000025e2f281400, 0x0000025e2f386bc0, 0x0000025e87b28ec0, 0x0000025e8c15db10,
0x0000025e8c66b0a0, 0x0000025e8c66b730, 0x0000025e8c669660, 0x0000025e8c66a380,
0x0000025e8c669cf0, 0x0000025e8c668940, 0x0000025e8c008d40, 0x0000025e8c0086b0,
0x0000025e8c008020, 0x0000025e8c00c1c0, 0x0000025e8c00a0f0, 0x0000025e8c00dc00,
0x0000025e8c00a780, 0x0000025e8c00bb30, 0x0000025e8c00cee0, 0x0000025e8c00e290,
0x0000025e8c00ae10, 0x0000025e8c00e920, 0x0000025e8c00b4a0, 0x0000025e8c00efb0,
0x0000025e8c20a1b0, 0x0000025e8c207a50, 0x0000025e8c7cdd10, 0x0000025e8c7cc960,
0x0000025e8c7cb5b0, 0x0000025e8c7cd680
}
_to_delete_list=0x0000025ea1d96810
Skipping _to_delete_list fields and contents for safety.

Java Threads: ( => current thread )
  0x0000025e2cee7a90 JavaThread "main"                              [_thread_blocked, id=2548, stack(0x0000006ef4000000,0x0000006ef4100000) (1024K)]
  0x0000025e2f3ce420 JavaThread "Reference Handler"          daemon [_thread_blocked, id=6240, stack(0x0000006ef4400000,0x0000006ef4500000) (1024K)]
  0x0000025e2f208b30 JavaThread "Finalizer"                  daemon [_thread_blocked, id=13252, stack(0x0000006ef4500000,0x0000006ef4600000) (1024K)]
  0x0000025e2f20b400 JavaThread "Signal Dispatcher"          daemon [_thread_blocked, id=12760, stack(0x0000006ef4600000,0x0000006ef4700000) (1024K)]
  0x0000025e2f2100f0 JavaThread "Attach Listener"            daemon [_thread_blocked, id=12888, stack(0x0000006ef4700000,0x0000006ef4800000) (1024K)]
  0x0000025e2f211b50 JavaThread "Service Thread"             daemon [_thread_blocked, id=1304, stack(0x0000006ef4800000,0x0000006ef4900000) (1024K)]
  0x0000025e2f2125a0 JavaThread "Monitor Deflation Thread"   daemon [_thread_blocked, id=8336, stack(0x0000006ef4900000,0x0000006ef4a00000) (1024K)]
=>0x0000025e2f2153e0 JavaThread "C2 CompilerThread0"         daemon [_thread_in_native, id=12112, stack(0x0000006ef4a00000,0x0000006ef4b00000) (1024K)]
  0x0000025e2f281400 JavaThread "C1 CompilerThread0"         daemon [_thread_blocked, id=13328, stack(0x0000006ef4b00000,0x0000006ef4c00000) (1024K)]
  0x0000025e2f386bc0 JavaThread "Common-Cleaner"             daemon [_thread_blocked, id=7356, stack(0x0000006ef4c00000,0x0000006ef4d00000) (1024K)]
  0x0000025e87b28ec0 JavaThread "Notification Thread"        daemon [_thread_blocked, id=3636, stack(0x0000006ef4d00000,0x0000006ef4e00000) (1024K)]
  0x0000025e8c15db10 JavaThread "Active Thread: Equinox Container: 05a7f0b7-e01e-4edd-93c0-2255aaca851b"        [_thread_blocked, id=1160, stack(0x0000006ef5200000,0x0000006ef5300000) (1024K)]
  0x0000025e8c66b0a0 JavaThread "Refresh Thread: Equinox Container: 05a7f0b7-e01e-4edd-93c0-2255aaca851b" daemon [_thread_blocked, id=6384, stack(0x0000006ef5300000,0x0000006ef5400000) (1024K)]
  0x0000025e8c66b730 JavaThread "Framework Event Dispatcher: Equinox Container: 05a7f0b7-e01e-4edd-93c0-2255aaca851b" daemon [_thread_blocked, id=3040, stack(0x0000006ef5400000,0x0000006ef5500000) (1024K)]
  0x0000025e8c669660 JavaThread "Start Level: Equinox Container: 05a7f0b7-e01e-4edd-93c0-2255aaca851b" daemon [_thread_blocked, id=5036, stack(0x0000006ef5500000,0x0000006ef5600000) (1024K)]
  0x0000025e8c66a380 JavaThread "Bundle File Closer"         daemon [_thread_blocked, id=3940, stack(0x0000006ef5600000,0x0000006ef5700000) (1024K)]
  0x0000025e8c669cf0 JavaThread "SCR Component Actor"        daemon [_thread_blocked, id=11148, stack(0x0000006ef5700000,0x0000006ef5800000) (1024K)]
  0x0000025e8c668940 JavaThread "Worker-JM"                         [_thread_blocked, id=14528, stack(0x0000006ef4e00000,0x0000006ef4f00000) (1024K)]
  0x0000025e8c008d40 JavaThread "JNA Cleaner"                daemon [_thread_blocked, id=12496, stack(0x0000006ef5a00000,0x0000006ef5b00000) (1024K)]
  0x0000025e8c0086b0 JavaThread "Worker-0"                          [_thread_blocked, id=7556, stack(0x0000006ef5b00000,0x0000006ef5c00000) (1024K)]
  0x0000025e8c008020 JavaThread "Java indexing"              daemon [_thread_blocked, id=14048, stack(0x0000006ef5e00000,0x0000006ef5f00000) (1024K)]
  0x0000025e8c00c1c0 JavaThread "Thread-2"                   daemon [_thread_in_native, id=15084, stack(0x0000006ef6300000,0x0000006ef6400000) (1024K)]
  0x0000025e8c00a0f0 JavaThread "Thread-3"                   daemon [_thread_in_native, id=11000, stack(0x0000006ef6400000,0x0000006ef6500000) (1024K)]
  0x0000025e8c00dc00 JavaThread "Thread-4"                   daemon [_thread_in_native, id=14364, stack(0x0000006ef6500000,0x0000006ef6600000) (1024K)]
  0x0000025e8c00a780 JavaThread "Thread-5"                   daemon [_thread_in_native, id=4436, stack(0x0000006ef6600000,0x0000006ef6700000) (1024K)]
  0x0000025e8c00bb30 JavaThread "Thread-6"                   daemon [_thread_in_native, id=8788, stack(0x0000006ef6700000,0x0000006ef6800000) (1024K)]
  0x0000025e8c00cee0 JavaThread "pool-2-thread-1"                   [_thread_blocked, id=4288, stack(0x0000006ef6800000,0x0000006ef6900000) (1024K)]
  0x0000025e8c00e290 JavaThread "WorkspaceEventsHandler"            [_thread_blocked, id=8980, stack(0x0000006ef5800000,0x0000006ef5900000) (1024K)]
  0x0000025e8c00ae10 JavaThread "pool-1-thread-1"                   [_thread_blocked, id=1272, stack(0x0000006ef6900000,0x0000006ef6a00000) (1024K)]
  0x0000025e8c00e920 JavaThread "ForkJoinPool.commonPool-worker-1" daemon [_thread_blocked, id=10848, stack(0x0000006ef6a00000,0x0000006ef6b00000) (1024K)]
  0x0000025e8c00b4a0 JavaThread "ForkJoinPool.commonPool-worker-2" daemon [_thread_blocked, id=15124, stack(0x0000006ef6b00000,0x0000006ef6c00000) (1024K)]
  0x0000025e8c00efb0 JavaThread "ForkJoinPool.commonPool-worker-3" daemon [_thread_blocked, id=12128, stack(0x0000006ef6c00000,0x0000006ef6d00000) (1024K)]
  0x0000025e8c20a1b0 JavaThread "Worker-8: Java indexing... "        [_thread_blocked, id=12908, stack(0x0000006ef5d00000,0x0000006ef5e00000) (1024K)]
  0x0000025e8c207a50 JavaThread "Compiler Source File Reader" daemon [_thread_blocked, id=11776, stack(0x0000006ef3e00000,0x0000006ef3f00000) (1024K)]
  0x0000025e8c7cdd10 JavaThread "Compiler Source File Reader" daemon [_thread_blocked, id=14592, stack(0x0000006ef5900000,0x0000006ef5a00000) (1024K)]
  0x0000025e8c7cc960 JavaThread "Worker-13"                         [_thread_blocked, id=14032, stack(0x0000006ef5c00000,0x0000006ef5d00000) (1024K)]
  0x0000025e8c7cb5b0 JavaThread "Compiler Processing Task"   daemon [_thread_blocked, id=11876, stack(0x0000006ef5f00000,0x0000006ef6000000) (1024K)]
  0x0000025e8c7cd680 JavaThread "Worker-14"                         [_thread_blocked, id=11204, stack(0x0000006ef3f00000,0x0000006ef4000000) (1024K)]
Total: 38

Other Threads:
  0x0000025e2f3b7990 VMThread "VM Thread"                           [id=9352, stack(0x0000006ef4300000,0x0000006ef4400000) (1024K)]
  0x0000025e2f3862f0 WatcherThread "VM Periodic Task Thread"        [id=5644, stack(0x0000006ef4200000,0x0000006ef4300000) (1024K)]
  0x0000025e2f336b80 WorkerThread "GC Thread#0"                     [id=10528, stack(0x0000006ef4100000,0x0000006ef4200000) (1024K)]
  0x0000025e8c392ea0 WorkerThread "GC Thread#1"                     [id=15048, stack(0x0000006ef4f00000,0x0000006ef5000000) (1024K)]
  0x0000025e8c1ac3c0 WorkerThread "GC Thread#2"                     [id=1216, stack(0x0000006ef5000000,0x0000006ef5100000) (1024K)]
  0x0000025e8c1ac760 WorkerThread "GC Thread#3"                     [id=10236, stack(0x0000006ef5100000,0x0000006ef5200000) (1024K)]
Total: 6

Threads with active compile tasks:
C2 CompilerThread0  1042173 25234   !   4       org.eclipse.jdt.internal.core.NameLookup::<init> (805 bytes)
Total: 1

VM state: at safepoint (normal execution)

VM Mutex/Monitor currently owned by a thread:  ([mutex/lock_event])
[0x00007ff9a6925458] Threads_lock - owner thread: 0x0000025e2f3b7990
[0x00007ff9a6925558] Heap_lock - owner thread: 0x0000025e8c008020

Heap address: 0x0000000080000000, size: 2048 MB, Compressed Oops mode: 32-bit

CDS archive(s) mapped at: [0x0000025e46000000-0x0000025e46ba0000-0x0000025e46ba0000), size 12189696, SharedBaseAddress: 0x0000025e46000000, ArchiveRelocationMode: 1.
Compressed class space mapped at: 0x0000025e47000000-0x0000025e87000000, reserved size: 1073741824
Narrow klass base: 0x0000025e46000000, Narrow klass shift: 0, Narrow klass range: 0x100000000

GC Precious Log:
 CardTable entry size: 512
 CPUs: 4 total, 4 available
 Memory: 12094M
 Large Page Support: Disabled
 NUMA Support: Disabled
 Compressed Oops: Enabled (32-bit)
 Alignments: Space 512K, Generation 512K, Heap 2M
 Heap Min Capacity: 100M
 Heap Initial Capacity: 100M
 Heap Max Capacity: 2G
 Pre-touch: Disabled
 Parallel Workers: 4

Heap:
 PSYoungGen      total 9216K, used 9206K [0x00000000d5580000, 0x00000000d6800000, 0x0000000100000000)
  eden space 6656K, 99% used [0x00000000d5580000,0x00000000d5bfd8d0,0x00000000d5c00000)
  from space 2560K, 100% used [0x00000000d5c00000,0x00000000d5e80000,0x00000000d5e80000)
  to   space 6144K, 81% used [0x00000000d6200000,0x00000000d66e1738,0x00000000d6800000)
 ParOldGen       total 1095680K, used 1095430K [0x0000000080000000, 0x00000000c2e00000, 0x00000000d5580000)
  object space 1095680K, 99% used [0x0000000080000000,0x00000000c2dc1a80,0x00000000c2e00000)
 Metaspace       used 86283K, committed 88000K, reserved 1179648K
  class space    used 8541K, committed 9280K, reserved 1048576K

Card table byte_map: [0x0000025e2ecb0000,0x0000025e2f0c0000] _byte_map_base: 0x0000025e2e8b0000

Marking Bits: (ParMarkBitMap*) 0x00007ff9a692a340
 Begin Bits: [0x0000025e417b0000, 0x0000025e437b0000)
 End Bits:   [0x0000025e437b0000, 0x0000025e457b0000)

Polling page: 0x0000025e2d170000

Metaspace:

Usage:
  Non-class:     75.92 MB used.
      Class:      8.34 MB used.
       Both:     84.26 MB used.

Virtual space:
  Non-class space:      128.00 MB reserved,      76.88 MB ( 60%) committed,  2 nodes.
      Class space:        1.00 GB reserved,       9.06 MB ( <1%) committed,  1 nodes.
             Both:        1.12 GB reserved,      85.94 MB (  7%) committed. 

Chunk freelists:
   Non-Class:  2.83 MB
       Class:  6.77 MB
        Both:  9.59 MB

MaxMetaspaceSize: unlimited
CompressedClassSpaceSize: 1.00 GB
Initial GC threshold: 21.00 MB
Current GC threshold: 142.19 MB
CDS: on
 - commit_granule_bytes: 65536.
 - commit_granule_words: 8192.
 - virtual_space_node_default_size: 8388608.
 - enlarge_chunks_in_place: 1.
 - use_allocation_guard: 0.


Internal statistics:

num_allocs_failed_limit: 9.
num_arena_births: 1724.
num_arena_deaths: 14.
num_vsnodes_births: 3.
num_vsnodes_deaths: 0.
num_space_committed: 1374.
num_space_uncommitted: 0.
num_chunks_returned_to_freelist: 23.
num_chunks_taken_from_freelist: 5984.
num_chunk_merges: 15.
num_chunk_splits: 3648.
num_chunks_enlarged: 2086.
num_inconsistent_stats: 0.

CodeHeap 'non-profiled nmethods': size=120000Kb used=16771Kb max_used=20986Kb free=103228Kb
 bounds [0x0000025e39fd0000, 0x0000025e3b450000, 0x0000025e41500000]
CodeHeap 'profiled nmethods': size=120000Kb used=26741Kb max_used=52736Kb free=93258Kb
 bounds [0x0000025e32500000, 0x0000025e35890000, 0x0000025e39a30000]
CodeHeap 'non-nmethods': size=5760Kb used=1512Kb max_used=1578Kb free=4247Kb
 bounds [0x0000025e39a30000, 0x0000025e39ca0000, 0x0000025e39fd0000]
CodeCache: size=245760Kb, used=45024Kb, max_used=75300Kb, free=200733Kb
 total_blobs=12750, nmethods=11927, adapters=725, full_count=0
Compilation: enabled, stopped_count=0, restarted_count=0

Compilation events (20 events):
Event: 1041.642 Thread 0x0000025e2f281400 25236       1       org.eclipse.jdt.internal.compiler.lookup.BlockScope::resolvingGuardExpression (5 bytes)
Event: 1041.642 Thread 0x0000025e2f281400 nmethod 25236 0x0000025e3a3ea710 code [0x0000025e3a3ea8a0, 0x0000025e3a3ea970]
Event: 1041.739 Thread 0x0000025e2f281400 25238       3       org.eclipse.jdt.internal.compiler.ast.SingleNameReference::checkLocalStaticClassVariables (143 bytes)
Event: 1041.742 Thread 0x0000025e2f281400 nmethod 25238 0x0000025e326de810 code [0x0000025e326deb00, 0x0000025e326e0408]
Event: 1041.772 Thread 0x0000025e2f281400 25240       3       org.eclipse.core.internal.resources.MarkerDeltaManager::resetDeltas (164 bytes)
Event: 1041.774 Thread 0x0000025e2f281400 nmethod 25240 0x0000025e32da5110 code [0x0000025e32da5340, 0x0000025e32da5dd0]
Event: 1041.774 Thread 0x0000025e2f281400 25239       3       org.eclipse.core.internal.resources.MarkerManager::resetMarkerDeltas (14 bytes)
Event: 1041.774 Thread 0x0000025e2f281400 nmethod 25239 0x0000025e3312d310 code [0x0000025e3312d4c0, 0x0000025e3312d650]
Event: 1041.866 Thread 0x0000025e2f281400 25241       3       java.lang.invoke.DirectMethodHandle$Holder::invokeStatic (17 bytes)
Event: 1041.866 Thread 0x0000025e2f281400 nmethod 25241 0x0000025e33557410 code [0x0000025e335575e0, 0x0000025e335579c8]
Event: 1041.866 Thread 0x0000025e2f281400 25242       3       java.lang.StringConcatHelper::mix (11 bytes)
Event: 1041.866 Thread 0x0000025e2f281400 nmethod 25242 0x0000025e33d60a10 code [0x0000025e33d60be0, 0x0000025e33d60e50]
Event: 1041.866 Thread 0x0000025e2f281400 25243       3       java.lang.invoke.LambdaForm$MH/0x0000025e47174400::invoke (32 bytes)
Event: 1041.867 Thread 0x0000025e2f281400 nmethod 25243 0x0000025e33240210 code [0x0000025e332403e0, 0x0000025e332408a0]
Event: 1041.895 Thread 0x0000025e2f281400 25244       3       org.eclipse.jdt.internal.core.search.matching.MethodDeclarationPattern::createDeclarationIndexKey (387 bytes)
Event: 1041.896 Thread 0x0000025e2f281400 nmethod 25244 0x0000025e332a0890 code [0x0000025e332a0be0, 0x0000025e332a28a0]
Event: 1041.896 Thread 0x0000025e2f281400 25245       3       org.eclipse.jdt.internal.core.search.matching.MethodDeclarationPattern::encodeExtraFlags (49 bytes)
Event: 1041.946 Thread 0x0000025e2f281400 nmethod 25245 0x0000025e3312da90 code [0x0000025e3312dc40, 0x0000025e3312de18]
Event: 1041.946 Thread 0x0000025e2f281400 25246       3       org.eclipse.jdt.internal.core.search.indexing.SourceIndexerRequestor::exitMethod (11 bytes)
Event: 1041.946 Thread 0x0000025e2f281400 nmethod 25246 0x0000025e334f4d10 code [0x0000025e334f4ea0, 0x0000025e334f4fb0]

GC Heap History (20 events):
Event: 1041.295 GC heap after
{Heap after GC invocations=2325 (full 8):
 PSYoungGen      total 6656K, used 2082K [0x00000000d5580000, 0x00000000d6000000, 0x0000000100000000)
  eden space 4096K, 0% used [0x00000000d5580000,0x00000000d5580000,0x00000000d5980000)
  from space 2560K, 81% used [0x00000000d5d80000,0x00000000d5f88b88,0x00000000d6000000)
  to   space 3072K, 0% used [0x00000000d5a00000,0x00000000d5a00000,0x00000000d5d00000)
 ParOldGen       total 1043968K, used 1043946K [0x0000000080000000, 0x00000000bfb80000, 0x00000000d5580000)
  object space 1043968K, 99% used [0x0000000080000000,0x00000000bfb7a948,0x00000000bfb80000)
 Metaspace       used 86263K, committed 88000K, reserved 1179648K
  class space    used 8541K, committed 9280K, reserved 1048576K
}
Event: 1041.314 GC heap before
{Heap before GC invocations=2326 (full 8):
 PSYoungGen      total 6656K, used 5652K [0x00000000d5580000, 0x00000000d6000000, 0x0000000100000000)
  eden space 4096K, 87% used [0x00000000d5580000,0x00000000d58fc700,0x00000000d5980000)
  from space 2560K, 81% used [0x00000000d5d80000,0x00000000d5f88b88,0x00000000d6000000)
  to   space 3072K, 0% used [0x00000000d5a00000,0x00000000d5a00000,0x00000000d5d00000)
 ParOldGen       total 1044992K, used 1044968K [0x0000000080000000, 0x00000000bfc80000, 0x00000000d5580000)
  object space 1044992K, 99% used [0x0000000080000000,0x00000000bfc7a148,0x00000000bfc80000)
 Metaspace       used 86263K, committed 88000K, reserved 1179648K
  class space    used 8541K, committed 9280K, reserved 1048576K
}
Event: 1041.318 GC heap after
{Heap after GC invocations=2326 (full 8):
 PSYoungGen      total 5632K, used 1216K [0x00000000d5580000, 0x00000000d5e00000, 0x0000000100000000)
  eden space 4096K, 0% used [0x00000000d5580000,0x00000000d5580000,0x00000000d5980000)
  from space 1536K, 79% used [0x00000000d5a00000,0x00000000d5b30000,0x00000000d5b80000)
  to   space 2048K, 0% used [0x00000000d5c00000,0x00000000d5c00000,0x00000000d5e00000)
 ParOldGen       total 1047040K, used 1046997K [0x0000000080000000, 0x00000000bfe80000, 0x00000000d5580000)
  object space 1047040K, 99% used [0x0000000080000000,0x00000000bfe75638,0x00000000bfe80000)
 Metaspace       used 86263K, committed 88000K, reserved 1179648K
  class space    used 8541K, committed 9280K, reserved 1048576K
}
Event: 1041.336 GC heap before
{Heap before GC invocations=2327 (full 8):
 PSYoungGen      total 5632K, used 5312K [0x00000000d5580000, 0x00000000d5e00000, 0x0000000100000000)
  eden space 4096K, 100% used [0x00000000d5580000,0x00000000d5980000,0x00000000d5980000)
  from space 1536K, 79% used [0x00000000d5a00000,0x00000000d5b30000,0x00000000d5b80000)
  to   space 2048K, 0% used [0x00000000d5c00000,0x00000000d5c00000,0x00000000d5e00000)
 ParOldGen       total 1047040K, used 1047015K [0x0000000080000000, 0x00000000bfe80000, 0x00000000d5580000)
  object space 1047040K, 99% used [0x0000000080000000,0x00000000bfe79d58,0x00000000bfe80000)
 Metaspace       used 86263K, committed 88000K, reserved 1179648K
  class space    used 8541K, committed 9280K, reserved 1048576K
}
Event: 1041.341 GC heap after
{Heap after GC invocations=2327 (full 8):
 PSYoungGen      total 6656K, used 1518K [0x00000000d5580000, 0x00000000d5e80000, 0x0000000100000000)
  eden space 4608K, 0% used [0x00000000d5580000,0x00000000d5580000,0x00000000d5a00000)
  from space 2048K, 74% used [0x00000000d5c00000,0x00000000d5d7b950,0x00000000d5e00000)
  to   space 2048K, 0% used [0x00000000d5a00000,0x00000000d5a00000,0x00000000d5c00000)
 ParOldGen       total 1048576K, used 1048143K [0x0000000080000000, 0x00000000c0000000, 0x00000000d5580000)
  object space 1048576K, 99% used [0x0000000080000000,0x00000000bff93d58,0x00000000c0000000)
 Metaspace       used 86263K, committed 88000K, reserved 1179648K
  class space    used 8541K, committed 9280K, reserved 1048576K
}
Event: 1041.425 GC heap before
{Heap before GC invocations=2328 (full 8):
 PSYoungGen      total 6656K, used 6126K [0x00000000d5580000, 0x00000000d5e80000, 0x0000000100000000)
  eden space 4608K, 100% used [0x00000000d5580000,0x00000000d5a00000,0x00000000d5a00000)
  from space 2048K, 74% used [0x00000000d5c00000,0x00000000d5d7b950,0x00000000d5e00000)
  to   space 2048K, 0% used [0x00000000d5a00000,0x00000000d5a00000,0x00000000d5c00000)
 ParOldGen       total 1080320K, used 1078863K [0x0000000080000000, 0x00000000c1f00000, 0x00000000d5580000)
  object space 1080320K, 99% used [0x0000000080000000,0x00000000c1d93d88,0x00000000c1f00000)
 Metaspace       used 86276K, committed 88000K, reserved 1179648K
  class space    used 8541K, committed 9280K, reserved 1048576K
}
Event: 1041.431 GC heap after
{Heap after GC invocations=2328 (full 8):
 PSYoungGen      total 5632K, used 756K [0x00000000d5580000, 0x00000000d5d00000, 0x0000000100000000)
  eden space 4608K, 0% used [0x00000000d5580000,0x00000000d5580000,0x00000000d5a00000)
  from space 1024K, 73% used [0x00000000d5a00000,0x00000000d5abd200,0x00000000d5b00000)
  to   space 1536K, 0% used [0x00000000d5b80000,0x00000000d5b80000,0x00000000d5d00000)
 ParOldGen       total 1082368K, used 1082241K [0x0000000080000000, 0x00000000c2100000, 0x00000000d5580000)
  object space 1082368K, 99% used [0x0000000080000000,0x00000000c20e0588,0x00000000c2100000)
 Metaspace       used 86276K, committed 88000K, reserved 1179648K
  class space    used 8541K, committed 9280K, reserved 1048576K
}
Event: 1041.444 GC heap before
{Heap before GC invocations=2329 (full 8):
 PSYoungGen      total 5632K, used 5364K [0x00000000d5580000, 0x00000000d5d00000, 0x0000000100000000)
  eden space 4608K, 100% used [0x00000000d5580000,0x00000000d5a00000,0x00000000d5a00000)
  from space 1024K, 73% used [0x00000000d5a00000,0x00000000d5abd200,0x00000000d5b00000)
  to   space 1536K, 0% used [0x00000000d5b80000,0x00000000d5b80000,0x00000000d5d00000)
 ParOldGen       total 1082368K, used 1082241K [0x0000000080000000, 0x00000000c2100000, 0x00000000d5580000)
  object space 1082368K, 99% used [0x0000000080000000,0x00000000c20e0588,0x00000000c2100000)
 Metaspace       used 86276K, committed 88000K, reserved 1179648K
  class space    used 8541K, committed 9280K, reserved 1048576K
}
Event: 1041.449 GC heap after
{Heap after GC invocations=2329 (full 8):
 PSYoungGen      total 6656K, used 544K [0x00000000d5580000, 0x00000000d5d00000, 0x0000000100000000)
  eden space 5120K, 0% used [0x00000000d5580000,0x00000000d5580000,0x00000000d5a80000)
  from space 1536K, 35% used [0x00000000d5b80000,0x00000000d5c08000,0x00000000d5d00000)
  to   space 1024K, 0% used [0x00000000d5a80000,0x00000000d5a80000,0x00000000d5b80000)
 ParOldGen       total 1083392K, used 1082980K [0x0000000080000000, 0x00000000c2200000, 0x00000000d5580000)
  object space 1083392K, 99% used [0x0000000080000000,0x00000000c2199110,0x00000000c2200000)
 Metaspace       used 86276K, committed 88000K, reserved 1179648K
  class space    used 8541K, committed 9280K, reserved 1048576K
}
Event: 1041.458 GC heap before
{Heap before GC invocations=2330 (full 8):
 PSYoungGen      total 6656K, used 5664K [0x00000000d5580000, 0x00000000d5d00000, 0x0000000100000000)
  eden space 5120K, 100% used [0x00000000d5580000,0x00000000d5a80000,0x00000000d5a80000)
  from space 1536K, 35% used [0x00000000d5b80000,0x00000000d5c08000,0x00000000d5d00000)
  to   space 1024K, 0% used [0x00000000d5a80000,0x00000000d5a80000,0x00000000d5b80000)
 ParOldGen       total 1083392K, used 1082980K [0x0000000080000000, 0x00000000c2200000, 0x00000000d5580000)
  object space 1083392K, 99% used [0x0000000080000000,0x00000000c2199110,0x00000000c2200000)
 Metaspace       used 86276K, committed 88000K, reserved 1179648K
  class space    used 8541K, committed 9280K, reserved 1048576K
}
Event: 1041.466 GC heap after
{Heap after GC invocations=2330 (full 8):
 PSYoungGen      total 6144K, used 998K [0x00000000d5580000, 0x00000000d6280000, 0x0000000100000000)
  eden space 5120K, 0% used [0x00000000d5580000,0x00000000d5580000,0x00000000d5a80000)
  from space 1024K, 97% used [0x00000000d5a80000,0x00000000d5b79b68,0x00000000d5b80000)
  to   space 3584K, 0% used [0x00000000d5f00000,0x00000000d5f00000,0x00000000d6280000)
 ParOldGen       total 1084928K, used 1084883K [0x0000000080000000, 0x00000000c2380000, 0x00000000d5580000)
  object space 1084928K, 99% used [0x0000000080000000,0x00000000c2374c98,0x00000000c2380000)
 Metaspace       used 86276K, committed 88000K, reserved 1179648K
  class space    used 8541K, committed 9280K, reserved 1048576K
}
Event: 1041.497 GC heap before
{Heap before GC invocations=2331 (full 8):
 PSYoungGen      total 6144K, used 6118K [0x00000000d5580000, 0x00000000d6280000, 0x0000000100000000)
  eden space 5120K, 100% used [0x00000000d5580000,0x00000000d5a80000,0x00000000d5a80000)
  from space 1024K, 97% used [0x00000000d5a80000,0x00000000d5b79b68,0x00000000d5b80000)
  to   space 3584K, 0% used [0x00000000d5f00000,0x00000000d5f00000,0x00000000d6280000)
 ParOldGen       total 1084928K, used 1084883K [0x0000000080000000, 0x00000000c2380000, 0x00000000d5580000)
  object space 1084928K, 99% used [0x0000000080000000,0x00000000c2374c98,0x00000000c2380000)
 Metaspace       used 86278K, committed 88000K, reserved 1179648K
  class space    used 8541K, committed 9280K, reserved 1048576K
}
Event: 1041.501 GC heap after
{Heap after GC invocations=2331 (full 8):
 PSYoungGen      total 8192K, used 1908K [0x00000000d5580000, 0x00000000d6100000, 0x0000000100000000)
  eden space 6144K, 0% used [0x00000000d5580000,0x00000000d5580000,0x00000000d5b80000)
  from space 2048K, 93% used [0x00000000d5f00000,0x00000000d60dd200,0x00000000d6100000)
  to   space 2560K, 0% used [0x00000000d5c00000,0x00000000d5c00000,0x00000000d5e80000)
 ParOldGen       total 1085952K, used 1085890K [0x0000000080000000, 0x00000000c2480000, 0x00000000d5580000)
  object space 1085952K, 99% used [0x0000000080000000,0x00000000c2470800,0x00000000c2480000)
 Metaspace       used 86278K, committed 88000K, reserved 1179648K
  class space    used 8541K, committed 9280K, reserved 1048576K
}
Event: 1041.513 GC heap before
{Heap before GC invocations=2332 (full 8):
 PSYoungGen      total 8192K, used 8052K [0x00000000d5580000, 0x00000000d6100000, 0x0000000100000000)
  eden space 6144K, 100% used [0x00000000d5580000,0x00000000d5b80000,0x00000000d5b80000)
  from space 2048K, 93% used [0x00000000d5f00000,0x00000000d60dd200,0x00000000d6100000)
  to   space 2560K, 0% used [0x00000000d5c00000,0x00000000d5c00000,0x00000000d5e80000)
 ParOldGen       total 1085952K, used 1085890K [0x0000000080000000, 0x00000000c2480000, 0x00000000d5580000)
  object space 1085952K, 99% used [0x0000000080000000,0x00000000c2470800,0x00000000c2480000)
 Metaspace       used 86278K, committed 88000K, reserved 1179648K
  class space    used 8541K, committed 9280K, reserved 1048576K
}
Event: 1041.631 GC heap after
{Heap after GC invocations=2332 (full 8):
 PSYoungGen      total 9216K, used 2208K [0x00000000d5580000, 0x00000000d6200000, 0x0000000100000000)
  eden space 6656K, 0% used [0x00000000d5580000,0x00000000d5580000,0x00000000d5c00000)
  from space 2560K, 86% used [0x00000000d5c00000,0x00000000d5e28000,0x00000000d5e80000)
  to   space 2560K, 0% used [0x00000000d5f80000,0x00000000d5f80000,0x00000000d6200000)
 ParOldGen       total 1088000K, used 1087740K [0x0000000080000000, 0x00000000c2680000, 0x00000000d5580000)
  object space 1088000K, 99% used [0x0000000080000000,0x00000000c263f368,0x00000000c2680000)
 Metaspace       used 86278K, committed 88000K, reserved 1179648K
  class space    used 8541K, committed 9280K, reserved 1048576K
}
Event: 1041.646 GC heap before
{Heap before GC invocations=2333 (full 8):
 PSYoungGen      total 9216K, used 8864K [0x00000000d5580000, 0x00000000d6200000, 0x0000000100000000)
  eden space 6656K, 100% used [0x00000000d5580000,0x00000000d5c00000,0x00000000d5c00000)
  from space 2560K, 86% used [0x00000000d5c00000,0x00000000d5e28000,0x00000000d5e80000)
  to   space 2560K, 0% used [0x00000000d5f80000,0x00000000d5f80000,0x00000000d6200000)
 ParOldGen       total 1088000K, used 1087740K [0x0000000080000000, 0x00000000c2680000, 0x00000000d5580000)
  object space 1088000K, 99% used [0x0000000080000000,0x00000000c263f368,0x00000000c2680000)
 Metaspace       used 86278K, committed 88000K, reserved 1179648K
  class space    used 8541K, committed 9280K, reserved 1048576K
}
Event: 1041.737 GC heap after
{Heap after GC invocations=2333 (full 8):
 PSYoungGen      total 9216K, used 2560K [0x00000000d5580000, 0x00000000d6200000, 0x0000000100000000)
  eden space 6656K, 0% used [0x00000000d5580000,0x00000000d5580000,0x00000000d5c00000)
  from space 2560K, 100% used [0x00000000d5f80000,0x00000000d6200000,0x00000000d6200000)
  to   space 2560K, 0% used [0x00000000d5c00000,0x00000000d5c00000,0x00000000d5e80000)
 ParOldGen       total 1091072K, used 1090724K [0x0000000080000000, 0x00000000c2980000, 0x00000000d5580000)
  object space 1091072K, 99% used [0x0000000080000000,0x00000000c2929388,0x00000000c2980000)
 Metaspace       used 86278K, committed 88000K, reserved 1179648K
  class space    used 8541K, committed 9280K, reserved 1048576K
}
Event: 1041.897 GC heap before
{Heap before GC invocations=2334 (full 8):
 PSYoungGen      total 9216K, used 9216K [0x00000000d5580000, 0x00000000d6200000, 0x0000000100000000)
  eden space 6656K, 100% used [0x00000000d5580000,0x00000000d5c00000,0x00000000d5c00000)
  from space 2560K, 100% used [0x00000000d5f80000,0x00000000d6200000,0x00000000d6200000)
  to   space 2560K, 0% used [0x00000000d5c00000,0x00000000d5c00000,0x00000000d5e80000)
 ParOldGen       total 1091072K, used 1090724K [0x0000000080000000, 0x00000000c2980000, 0x00000000d5580000)
  object space 1091072K, 99% used [0x0000000080000000,0x00000000c2929388,0x00000000c2980000)
 Metaspace       used 86283K, committed 88000K, reserved 1179648K
  class space    used 8541K, committed 9280K, reserved 1048576K
}
Event: 1041.945 GC heap after
{Heap after GC invocations=2334 (full 8):
 PSYoungGen      total 9216K, used 2560K [0x00000000d5580000, 0x00000000d6800000, 0x0000000100000000)
  eden space 6656K, 0% used [0x00000000d5580000,0x00000000d5580000,0x00000000d5c00000)
  from space 2560K, 100% used [0x00000000d5c00000,0x00000000d5e80000,0x00000000d5e80000)
  to   space 6144K, 0% used [0x00000000d6200000,0x00000000d6200000,0x00000000d6800000)
 ParOldGen       total 1094144K, used 1094004K [0x0000000080000000, 0x00000000c2c80000, 0x00000000d5580000)
  object space 1094144K, 99% used [0x0000000080000000,0x00000000c2c5d388,0x00000000c2c80000)
 Metaspace       used 86283K, committed 88000K, reserved 1179648K
  class space    used 8541K, committed 9280K, reserved 1048576K
}
Event: 1042.052 GC heap before
{Heap before GC invocations=2335 (full 8):
 PSYoungGen      total 9216K, used 9206K [0x00000000d5580000, 0x00000000d6800000, 0x0000000100000000)
  eden space 6656K, 99% used [0x00000000d5580000,0x00000000d5bfd8d0,0x00000000d5c00000)
  from space 2560K, 100% used [0x00000000d5c00000,0x00000000d5e80000,0x00000000d5e80000)
  to   space 6144K, 0% used [0x00000000d6200000,0x00000000d6200000,0x00000000d6800000)
 ParOldGen       total 1094144K, used 1094004K [0x0000000080000000, 0x00000000c2c80000, 0x00000000d5580000)
  object space 1094144K, 99% used [0x0000000080000000,0x00000000c2c5d388,0x00000000c2c80000)
 Metaspace       used 86283K, committed 88000K, reserved 1179648K
  class space    used 8541K, committed 9280K, reserved 1048576K
}

Dll operation events (10 events):
Event: 0.019 Loaded shared library c:\Users\asus\.cursor\extensions\redhat.java-1.45.0-win32-x64\jre\21.0.8-win32-x86_64\bin\java.dll
Event: 0.062 Loaded shared library c:\Users\asus\.cursor\extensions\redhat.java-1.45.0-win32-x64\jre\21.0.8-win32-x86_64\bin\zip.dll
Event: 0.235 Loaded shared library C:\Users\asus\.cursor\extensions\redhat.java-1.45.0-win32-x64\jre\21.0.8-win32-x86_64\bin\instrument.dll
Event: 0.322 Loaded shared library C:\Users\asus\.cursor\extensions\redhat.java-1.45.0-win32-x64\jre\21.0.8-win32-x86_64\bin\net.dll
Event: 0.326 Loaded shared library C:\Users\asus\.cursor\extensions\redhat.java-1.45.0-win32-x64\jre\21.0.8-win32-x86_64\bin\nio.dll
Event: 0.331 Loaded shared library C:\Users\asus\.cursor\extensions\redhat.java-1.45.0-win32-x64\jre\21.0.8-win32-x86_64\bin\zip.dll
Event: 0.468 Loaded shared library C:\Users\asus\.cursor\extensions\redhat.java-1.45.0-win32-x64\jre\21.0.8-win32-x86_64\bin\jimage.dll
Event: 0.786 Loaded shared library c:\Users\asus\.cursor\extensions\redhat.java-1.45.0-win32-x64\jre\21.0.8-win32-x86_64\bin\verify.dll
Event: 3.131 Loaded shared library C:\Users\asus\AppData\Roaming\Cursor\User\globalStorage\redhat.java\1.45.0\config_win\org.eclipse.equinox.launcher\org.eclipse.equinox.launcher.win32.win32.x86_64_1.2.1400.v20250801-0854\eclipse_11916.dll
Event: 6.515 Loaded shared library C:\Users\asus\AppData\Local\Temp\jna-3003984\jna12123482436686847188.dll

Deoptimization events (20 events):
Event: 1041.348 Thread 0x0000025e8c7cb5b0 DEOPT PACKING pc=0x0000025e3b04c414 sp=0x0000006ef5ffdd90
Event: 1041.348 Thread 0x0000025e8c7cb5b0 DEOPT UNPACKING pc=0x0000025e39a86da2 sp=0x0000006ef5ffdd40 mode 2
Event: 1041.467 Thread 0x0000025e8c7cd680 Uncommon trap: trap_request=0xffffffd6 fr.pc=0x0000025e3b23f368 relative=0x0000000000005d68
Event: 1041.467 Thread 0x0000025e8c7cd680 Uncommon trap: reason=array_check action=maybe_recompile pc=0x0000025e3b23f368 method=java.util.ComparableTimSort.binarySort([Ljava/lang/Object;III)V @ 215 c2
Event: 1041.467 Thread 0x0000025e8c7cd680 DEOPT PACKING pc=0x0000025e3b23f368 sp=0x0000006ef3ffdd90
Event: 1041.467 Thread 0x0000025e8c7cd680 DEOPT UNPACKING pc=0x0000025e39a86da2 sp=0x0000006ef3ffdb30 mode 2
Event: 1041.472 Thread 0x0000025e8c7cc960 Uncommon trap: trap_request=0xffffffc6 fr.pc=0x0000025e3b00e778 relative=0x00000000000003b8
Event: 1041.472 Thread 0x0000025e8c7cc960 Uncommon trap: reason=bimorphic_or_optimized_type_check action=maybe_recompile pc=0x0000025e3b00e778 method=org.eclipse.jdt.internal.compiler.ast.EqualExpression.traverse(Lorg/eclipse/jdt/internal/compiler/ASTVisitor;Lorg/eclipse/jdt/internal/compiler/loo
Event: 1041.472 Thread 0x0000025e8c7cc960 DEOPT PACKING pc=0x0000025e3b00e778 sp=0x0000006ef5cfdb30
Event: 1041.472 Thread 0x0000025e8c7cc960 DEOPT UNPACKING pc=0x0000025e39a86da2 sp=0x0000006ef5cfdb10 mode 2
Event: 1041.486 Thread 0x0000025e8c7cc960 DEOPT PACKING pc=0x0000025e35548bcb sp=0x0000006ef5cfe780
Event: 1041.486 Thread 0x0000025e8c7cc960 DEOPT UNPACKING pc=0x0000025e39a878e2 sp=0x0000006ef5cfdc90 mode 0
Event: 1041.488 Thread 0x0000025e8c7cd680 Uncommon trap: trap_request=0xffffffd6 fr.pc=0x0000025e3b23ff70 relative=0x0000000000006970
Event: 1041.488 Thread 0x0000025e8c7cd680 Uncommon trap: reason=array_check action=maybe_recompile pc=0x0000025e3b23ff70 method=java.util.ComparableTimSort.binarySort([Ljava/lang/Object;III)V @ 183 c2
Event: 1041.488 Thread 0x0000025e8c7cd680 DEOPT PACKING pc=0x0000025e3b23ff70 sp=0x0000006ef3ffdd90
Event: 1041.488 Thread 0x0000025e8c7cd680 DEOPT UNPACKING pc=0x0000025e39a86da2 sp=0x0000006ef3ffdb30 mode 2
Event: 1041.503 Thread 0x0000025e8c7cd680 Uncommon trap: trap_request=0xffffffd6 fr.pc=0x0000025e3b23ff70 relative=0x0000000000006970
Event: 1041.503 Thread 0x0000025e8c7cd680 Uncommon trap: reason=array_check action=maybe_recompile pc=0x0000025e3b23ff70 method=java.util.ComparableTimSort.binarySort([Ljava/lang/Object;III)V @ 183 c2
Event: 1041.503 Thread 0x0000025e8c7cd680 DEOPT PACKING pc=0x0000025e3b23ff70 sp=0x0000006ef3ffdd90
Event: 1041.503 Thread 0x0000025e8c7cd680 DEOPT UNPACKING pc=0x0000025e39a86da2 sp=0x0000006ef3ffdb30 mode 2

Classes loaded (20 events):
Event: 900.945 Loading class jdk/internal/module/IllegalAccessLogger
Event: 900.945 Loading class jdk/internal/module/IllegalAccessLogger done
Event: 911.785 Loading class jdk/internal/module/IllegalAccessLogger
Event: 911.785 Loading class jdk/internal/module/IllegalAccessLogger done
Event: 972.647 Loading class jdk/internal/module/IllegalAccessLogger
Event: 972.647 Loading class jdk/internal/module/IllegalAccessLogger done
Event: 973.956 Loading class jdk/internal/module/IllegalAccessLogger
Event: 973.956 Loading class jdk/internal/module/IllegalAccessLogger done
Event: 1013.648 Loading class jdk/internal/module/IllegalAccessLogger
Event: 1013.648 Loading class jdk/internal/module/IllegalAccessLogger done
Event: 1017.831 Loading class jdk/internal/module/IllegalAccessLogger
Event: 1017.831 Loading class jdk/internal/module/IllegalAccessLogger done
Event: 1022.437 Loading class jdk/internal/module/IllegalAccessLogger
Event: 1022.437 Loading class jdk/internal/module/IllegalAccessLogger done
Event: 1025.451 Loading class jdk/internal/module/IllegalAccessLogger
Event: 1025.451 Loading class jdk/internal/module/IllegalAccessLogger done
Event: 1036.350 Loading class jdk/internal/module/IllegalAccessLogger
Event: 1036.350 Loading class jdk/internal/module/IllegalAccessLogger done
Event: 1041.303 Loading class jdk/internal/module/IllegalAccessLogger
Event: 1041.303 Loading class jdk/internal/module/IllegalAccessLogger done

Classes unloaded (7 events):
Event: 8.491 Thread 0x0000025e2f3b7990 Unloading class 0x0000025e471a4400 'java/lang/invoke/LambdaForm$MH+0x0000025e471a4400'
Event: 8.491 Thread 0x0000025e2f3b7990 Unloading class 0x0000025e471a4000 'java/lang/invoke/LambdaForm$MH+0x0000025e471a4000'
Event: 8.491 Thread 0x0000025e2f3b7990 Unloading class 0x0000025e471a3c00 'java/lang/invoke/LambdaForm$MH+0x0000025e471a3c00'
Event: 8.491 Thread 0x0000025e2f3b7990 Unloading class 0x0000025e471a3800 'java/lang/invoke/LambdaForm$MH+0x0000025e471a3800'
Event: 8.491 Thread 0x0000025e2f3b7990 Unloading class 0x0000025e471a3400 'java/lang/invoke/LambdaForm$BMH+0x0000025e471a3400'
Event: 8.491 Thread 0x0000025e2f3b7990 Unloading class 0x0000025e471a3000 'java/lang/invoke/LambdaForm$DMH+0x0000025e471a3000'
Event: 8.491 Thread 0x0000025e2f3b7990 Unloading class 0x0000025e471a2000 'java/lang/invoke/LambdaForm$DMH+0x0000025e471a2000'

Classes redefined (0 events):
No events

Internal exceptions (20 events):
Event: 901.431 Thread 0x0000025e8c008020 Exception <a 'sun/nio/fs/WindowsException'{0x00000000d563cf50}> (0x00000000d563cf50) 
thrown [s\src\hotspot\share\prims\jni.cpp, line 520]
Event: 911.782 Thread 0x0000025e8c008020 Exception <a 'sun/nio/fs/WindowsException'{0x00000000d55b5f20}> (0x00000000d55b5f20) 
thrown [s\src\hotspot\share\prims\jni.cpp, line 520]
Event: 912.100 Thread 0x0000025e8c008020 Exception <a 'sun/nio/fs/WindowsException'{0x00000000d56cba70}> (0x00000000d56cba70) 
thrown [s\src\hotspot\share\prims\jni.cpp, line 520]
Event: 972.614 Thread 0x0000025e8c00b4a0 Exception <a 'sun/nio/fs/WindowsException'{0x00000000d5963c28}> (0x00000000d5963c28) 
thrown [s\src\hotspot\share\prims\jni.cpp, line 520]
Event: 972.634 Thread 0x0000025e8c008020 Exception <a 'sun/nio/fs/WindowsException'{0x00000000d55e0a48}> (0x00000000d55e0a48) 
thrown [s\src\hotspot\share\prims\jni.cpp, line 520]
Event: 973.102 Thread 0x0000025e8c008020 Exception <a 'sun/nio/fs/WindowsException'{0x00000000d5a8edd8}> (0x00000000d5a8edd8) 
thrown [s\src\hotspot\share\prims\jni.cpp, line 520]
Event: 1013.384 Thread 0x0000025e8c008020 Exception <a 'sun/nio/fs/WindowsException'{0x00000000d57e88d0}> (0x00000000d57e88d0) 
thrown [s\src\hotspot\share\prims\jni.cpp, line 520]
Event: 1013.955 Thread 0x0000025e8c008020 Exception <a 'sun/nio/fs/WindowsException'{0x00000000d5832720}> (0x00000000d5832720) 
thrown [s\src\hotspot\share\prims\jni.cpp, line 520]
Event: 1017.648 Thread 0x0000025e8c008020 Exception <a 'sun/nio/fs/WindowsException'{0x00000000d55aa1f0}> (0x00000000d55aa1f0) 
thrown [s\src\hotspot\share\prims\jni.cpp, line 520]
Event: 1018.138 Thread 0x0000025e8c008020 Exception <a 'sun/nio/fs/WindowsException'{0x00000000d58dafd0}> (0x00000000d58dafd0) 
thrown [s\src\hotspot\share\prims\jni.cpp, line 520]
Event: 1022.301 Thread 0x0000025e8c008020 Exception <a 'sun/nio/fs/WindowsException'{0x00000000d59edaa8}> (0x00000000d59edaa8) 
thrown [s\src\hotspot\share\prims\jni.cpp, line 520]
Event: 1024.485 Thread 0x0000025e8c008020 Exception <a 'sun/nio/fs/WindowsException'{0x00000000d572aa20}> (0x00000000d572aa20) 
thrown [s\src\hotspot\share\prims\jni.cpp, line 520]
Event: 1036.127 Thread 0x0000025e8c008020 Exception <a 'sun/nio/fs/WindowsException'{0x00000000d55e7a70}> (0x00000000d55e7a70) 
thrown [s\src\hotspot\share\prims\jni.cpp, line 520]
Event: 1036.699 Thread 0x0000025e8c008020 Exception <a 'sun/nio/fs/WindowsException'{0x00000000d5636a40}> (0x00000000d5636a40) 
thrown [s\src\hotspot\share\prims\jni.cpp, line 520]
Event: 1041.021 Thread 0x0000025e8c00b4a0 Implicit null exception at 0x0000025e3a37e5e8 to 0x0000025e3a380b50
Event: 1041.021 Thread 0x0000025e8c00b4a0 Implicit null exception at 0x0000025e3a37e5e8 to 0x0000025e3a380b50
Event: 1041.021 Thread 0x0000025e8c00b4a0 Implicit null exception at 0x0000025e3a37e5e8 to 0x0000025e3a380b50
Event: 1041.023 Thread 0x0000025e8c00b4a0 Implicit null exception at 0x0000025e3a37e5e8 to 0x0000025e3a380b50
Event: 1041.124 Thread 0x0000025e8c008020 Exception <a 'sun/nio/fs/WindowsException'{0x00000000d5c089b8}> (0x00000000d5c089b8) 
thrown [s\src\hotspot\share\prims\jni.cpp, line 520]
Event: 1041.886 Thread 0x0000025e8c008020 Exception <a 'sun/nio/fs/WindowsException'{0x00000000d5b8f158}> (0x00000000d5b8f158) 
thrown [s\src\hotspot\share\prims\jni.cpp, line 520]

ZGC Phase Switch (0 events):
No events

VM Operations (20 events):
Event: 1041.313 Executing VM operation: ParallelGCFailedAllocation (Allocation Failure) done
Event: 1041.314 Executing VM operation: ParallelGCSystemGC (GCLocker Initiated GC)
Event: 1041.318 Executing VM operation: ParallelGCSystemGC (GCLocker Initiated GC) done
Event: 1041.336 Executing VM operation: ParallelGCFailedAllocation (Allocation Failure)
Event: 1041.341 Executing VM operation: ParallelGCFailedAllocation (Allocation Failure) done
Event: 1041.425 Executing VM operation: ParallelGCFailedAllocation (Allocation Failure)
Event: 1041.431 Executing VM operation: ParallelGCFailedAllocation (Allocation Failure) done
Event: 1041.444 Executing VM operation: ParallelGCFailedAllocation (Allocation Failure)
Event: 1041.449 Executing VM operation: ParallelGCFailedAllocation (Allocation Failure) done
Event: 1041.458 Executing VM operation: ParallelGCFailedAllocation (Allocation Failure)
Event: 1041.466 Executing VM operation: ParallelGCFailedAllocation (Allocation Failure) done
Event: 1041.497 Executing VM operation: ParallelGCFailedAllocation (Allocation Failure)
Event: 1041.501 Executing VM operation: ParallelGCFailedAllocation (Allocation Failure) done
Event: 1041.513 Executing VM operation: ParallelGCFailedAllocation (Allocation Failure)
Event: 1041.631 Executing VM operation: ParallelGCFailedAllocation (Allocation Failure) done
Event: 1041.646 Executing VM operation: ParallelGCFailedAllocation (Allocation Failure)
Event: 1041.737 Executing VM operation: ParallelGCFailedAllocation (Allocation Failure) done
Event: 1041.896 Executing VM operation: ParallelGCFailedAllocation (Allocation Failure)
Event: 1041.945 Executing VM operation: ParallelGCFailedAllocation (Allocation Failure) done
Event: 1042.052 Executing VM operation: ParallelGCFailedAllocation (Allocation Failure)

Memory protections (0 events):
No events

Nmethod flushes (20 events):
Event: 884.263 Thread 0x0000025e2f3b7990 flushing  nmethod 0x0000025e35808c10
Event: 884.263 Thread 0x0000025e2f3b7990 flushing  nmethod 0x0000025e35810590
Event: 884.263 Thread 0x0000025e2f3b7990 flushing  nmethod 0x0000025e35816a10
Event: 884.263 Thread 0x0000025e2f3b7990 flushing  nmethod 0x0000025e35823b90
Event: 884.263 Thread 0x0000025e2f3b7990 flushing  nmethod 0x0000025e35824490
Event: 884.263 Thread 0x0000025e2f3b7990 flushing  nmethod 0x0000025e35825890
Event: 884.263 Thread 0x0000025e2f3b7990 flushing  nmethod 0x0000025e35827e10
Event: 884.263 Thread 0x0000025e2f3b7990 flushing  nmethod 0x0000025e35828490
Event: 884.263 Thread 0x0000025e2f3b7990 flushing  nmethod 0x0000025e3582a410
Event: 884.263 Thread 0x0000025e2f3b7990 flushing  nmethod 0x0000025e35835c90
Event: 884.263 Thread 0x0000025e2f3b7990 flushing  nmethod 0x0000025e35836790
Event: 884.263 Thread 0x0000025e2f3b7990 flushing  nmethod 0x0000025e35838c90
Event: 884.263 Thread 0x0000025e2f3b7990 flushing  nmethod 0x0000025e3583ad90
Event: 884.263 Thread 0x0000025e2f3b7990 flushing  nmethod 0x0000025e3583ed10
Event: 884.263 Thread 0x0000025e2f3b7990 flushing  nmethod 0x0000025e35846110
Event: 884.263 Thread 0x0000025e2f3b7990 flushing  nmethod 0x0000025e35846910
Event: 884.263 Thread 0x0000025e2f3b7990 flushing  nmethod 0x0000025e3584b210
Event: 884.263 Thread 0x0000025e2f3b7990 flushing  nmethod 0x0000025e3584ba90
Event: 884.263 Thread 0x0000025e2f3b7990 flushing  nmethod 0x0000025e35851c90
Event: 884.263 Thread 0x0000025e2f3b7990 flushing  nmethod 0x0000025e35866010

Events (20 events):
Event: 865.173 Thread 0x0000025e2f281400 Thread added: 0x0000025e8f1553f0
Event: 865.914 Thread 0x0000025e8f1553f0 Thread exited: 0x0000025e8f1553f0
Event: 876.572 Thread 0x0000025e8c20a1b0 Thread added: 0x0000025e8c7cbc40
Event: 901.635 Thread 0x0000025e2f2153e0 Thread added: 0x0000025e8f152b10
Event: 901.747 Thread 0x0000025e8f152b10 Thread exited: 0x0000025e8f152b10
Event: 913.013 Thread 0x0000025e2f281400 Thread added: 0x0000025e8f1553f0
Event: 918.922 Thread 0x0000025e8f1553f0 Thread exited: 0x0000025e8f1553f0
Event: 918.926 Thread 0x0000025e2f281400 Thread added: 0x0000025e8f1553f0
Event: 923.950 Thread 0x0000025e8f1553f0 Thread exited: 0x0000025e8f1553f0
Event: 956.059 Thread 0x0000025e2f281400 Thread added: 0x0000025e8f153f80
Event: 957.121 Thread 0x0000025e8f153f80 Thread exited: 0x0000025e8f153f80
Event: 969.409 Thread 0x0000025e8c7cc960 Thread exited: 0x0000025e8c7cc960
Event: 971.193 Thread 0x0000025e8c20b560 Thread exited: 0x0000025e8c20b560
Event: 971.853 Thread 0x0000025e8c7cd680 Thread exited: 0x0000025e8c7cd680
Event: 972.237 Thread 0x0000025e8c7cbc40 Thread exited: 0x0000025e8c7cbc40
Event: 972.359 Thread 0x0000025e2f2153e0 Thread added: 0x0000025e8f152b10
Event: 972.635 Thread 0x0000025e8c0086b0 Thread added: 0x0000025e8c7cc960
Event: 972.648 Thread 0x0000025e8c20a1b0 Thread added: 0x0000025e8c7cb5b0
Event: 972.700 Thread 0x0000025e8f152b10 Thread exited: 0x0000025e8f152b10
Event: 972.828 Thread 0x0000025e8c7cc960 Thread added: 0x0000025e8c7cd680


Dynamic libraries:
0x00007ff707610000 - 0x00007ff70761e000 	c:\Users\asus\.cursor\extensions\redhat.java-1.45.0-win32-x64\jre\21.0.8-win32-x86_64\bin\java.exe
0x00007ffa491c0000 - 0x00007ffa49427000 	C:\WINDOWS\SYSTEM32\ntdll.dll
0x00007ffa470d0000 - 0x00007ffa47199000 	C:\WINDOWS\System32\KERNEL32.DLL
0x00007ffa462f0000 - 0x00007ffa466e0000 	C:\WINDOWS\System32\KERNELBASE.dll
0x00007ffa42f00000 - 0x00007ffa42f9e000 	C:\WINDOWS\SYSTEM32\apphelp.dll
0x00007ffa467d0000 - 0x00007ffa4691b000 	C:\WINDOWS\System32\ucrtbase.dll
0x00007ffa382f0000 - 0x00007ffa38308000 	c:\Users\asus\.cursor\extensions\redhat.java-1.45.0-win32-x64\jre\21.0.8-win32-x86_64\bin\jli.dll
0x00007ffa475a0000 - 0x00007ffa47765000 	C:\WINDOWS\System32\USER32.dll
0x00007ffa466f0000 - 0x00007ffa46717000 	C:\WINDOWS\System32\win32u.dll
0x00007ffa487e0000 - 0x00007ffa4880b000 	C:\WINDOWS\System32\GDI32.dll
0x00007ffa46920000 - 0x00007ffa46a58000 	C:\WINDOWS\System32\gdi32full.dll
0x00007ffa46720000 - 0x00007ffa467c3000 	C:\WINDOWS\System32\msvcp_win.dll
0x00007ffa35de0000 - 0x00007ffa35dfe000 	c:\Users\asus\.cursor\extensions\redhat.java-1.45.0-win32-x64\jre\21.0.8-win32-x86_64\bin\VCRUNTIME140.dll
0x00007ffa2e540000 - 0x00007ffa2e7da000 	C:\WINDOWS\WinSxS\amd64_microsoft.windows.common-controls_6595b64144ccf1df_6.0.26100.4768_none_3e0c112ce331287c\COMCTL32.dll
0x00007ffa474f0000 - 0x00007ffa47599000 	C:\WINDOWS\System32\msvcrt.dll
0x00007ffa471a0000 - 0x00007ffa471cf000 	C:\WINDOWS\System32\IMM32.DLL
0x00007ffa39d20000 - 0x00007ffa39d2c000 	c:\Users\asus\.cursor\extensions\redhat.java-1.45.0-win32-x64\jre\21.0.8-win32-x86_64\bin\vcruntime140_1.dll
0x00007ff9eab20000 - 0x00007ff9eabad000 	c:\Users\asus\.cursor\extensions\redhat.java-1.45.0-win32-x64\jre\21.0.8-win32-x86_64\bin\msvcp140.dll
0x00007ff9a5c70000 - 0x00007ff9a6a07000 	c:\Users\asus\.cursor\extensions\redhat.java-1.45.0-win32-x64\jre\21.0.8-win32-x86_64\bin\server\jvm.dll
0x00007ffa47310000 - 0x00007ffa473c4000 	C:\WINDOWS\System32\ADVAPI32.dll
0x00007ffa47260000 - 0x00007ffa47306000 	C:\WINDOWS\System32\sechost.dll
0x00007ffa473d0000 - 0x00007ffa474e8000 	C:\WINDOWS\System32\RPCRT4.dll
0x00007ffa48f70000 - 0x00007ffa48fe4000 	C:\WINDOWS\System32\WS2_32.dll
0x00007ffa46170000 - 0x00007ffa461ce000 	C:\WINDOWS\SYSTEM32\POWRPROF.dll
0x00007ffa32c40000 - 0x00007ffa32c75000 	C:\WINDOWS\SYSTEM32\WINMM.dll
0x00007ffa38990000 - 0x00007ffa3899b000 	C:\WINDOWS\SYSTEM32\VERSION.dll
0x00007ffa46150000 - 0x00007ffa46164000 	C:\WINDOWS\SYSTEM32\UMPDC.dll
0x00007ffa45050000 - 0x00007ffa4506b000 	C:\WINDOWS\SYSTEM32\kernel.appcore.dll
0x00007ffa31f10000 - 0x00007ffa31f1a000 	c:\Users\asus\.cursor\extensions\redhat.java-1.45.0-win32-x64\jre\21.0.8-win32-x86_64\bin\jimage.dll
0x00007ffa43a30000 - 0x00007ffa43c71000 	C:\WINDOWS\SYSTEM32\DBGHELP.DLL
0x00007ffa488c0000 - 0x00007ffa48c45000 	C:\WINDOWS\System32\combase.dll
0x00007ffa48ff0000 - 0x00007ffa490d0000 	C:\WINDOWS\System32\OLEAUT32.dll
0x00007ffa2abf0000 - 0x00007ffa2ac33000 	C:\WINDOWS\SYSTEM32\dbgcore.DLL
0x00007ffa46eb0000 - 0x00007ffa46f49000 	C:\WINDOWS\System32\bcryptPrimitives.dll
0x00007ffa31ea0000 - 0x00007ffa31eaf000 	c:\Users\asus\.cursor\extensions\redhat.java-1.45.0-win32-x64\jre\21.0.8-win32-x86_64\bin\instrument.dll
0x00007ffa30c90000 - 0x00007ffa30caf000 	c:\Users\asus\.cursor\extensions\redhat.java-1.45.0-win32-x64\jre\21.0.8-win32-x86_64\bin\java.dll
0x00007ffa47840000 - 0x00007ffa47f8d000 	C:\WINDOWS\System32\SHELL32.dll
0x00007ffa46af0000 - 0x00007ffa46c63000 	C:\WINDOWS\System32\wintypes.dll
0x00007ffa43eb0000 - 0x00007ffa44710000 	C:\WINDOWS\SYSTEM32\windows.storage.dll
0x00007ffa480a0000 - 0x00007ffa48195000 	C:\WINDOWS\System32\SHCORE.dll
0x00007ffa47770000 - 0x00007ffa477da000 	C:\WINDOWS\System32\shlwapi.dll
0x00007ffa46210000 - 0x00007ffa46239000 	C:\WINDOWS\SYSTEM32\profapi.dll
0x00007ffa28630000 - 0x00007ffa28648000 	c:\Users\asus\.cursor\extensions\redhat.java-1.45.0-win32-x64\jre\21.0.8-win32-x86_64\bin\zip.dll
0x00007ffa31e90000 - 0x00007ffa31ea0000 	C:\Users\asus\.cursor\extensions\redhat.java-1.45.0-win32-x64\jre\21.0.8-win32-x86_64\bin\net.dll
0x00007ffa38bc0000 - 0x00007ffa38cde000 	C:\WINDOWS\SYSTEM32\WINHTTP.dll
0x00007ffa45600000 - 0x00007ffa4566b000 	C:\WINDOWS\system32\mswsock.dll
0x00007ffa24bb0000 - 0x00007ffa24bc6000 	C:\Users\asus\.cursor\extensions\redhat.java-1.45.0-win32-x64\jre\21.0.8-win32-x86_64\bin\nio.dll
0x00007ffa31e10000 - 0x00007ffa31e20000 	c:\Users\asus\.cursor\extensions\redhat.java-1.45.0-win32-x64\jre\21.0.8-win32-x86_64\bin\verify.dll
0x00007ffa0ae30000 - 0x00007ffa0ae74000 	C:\Users\asus\AppData\Roaming\Cursor\User\globalStorage\redhat.java\1.45.0\config_win\org.eclipse.equinox.launcher\org.eclipse.equinox.launcher.win32.win32.x86_64_1.2.1400.v20250801-0854\eclipse_11916.dll
0x00007ffa481a0000 - 0x00007ffa48340000 	C:\WINDOWS\System32\ole32.dll
0x00007ffa458c0000 - 0x00007ffa458db000 	C:\WINDOWS\SYSTEM32\CRYPTSP.dll
0x00007ffa44fb0000 - 0x00007ffa44feb000 	C:\WINDOWS\system32\rsaenh.dll
0x00007ffa456a0000 - 0x00007ffa456cb000 	C:\WINDOWS\SYSTEM32\USERENV.dll
0x00007ffa461e0000 - 0x00007ffa46206000 	C:\WINDOWS\SYSTEM32\bcrypt.dll
0x00007ffa458e0000 - 0x00007ffa458ec000 	C:\WINDOWS\SYSTEM32\CRYPTBASE.dll
0x00007ffa44a30000 - 0x00007ffa44a63000 	C:\WINDOWS\SYSTEM32\IPHLPAPI.DLL
0x00007ffa470c0000 - 0x00007ffa470ca000 	C:\WINDOWS\System32\NSI.dll
0x00007ff9eeae0000 - 0x00007ff9eeb29000 	C:\Users\asus\AppData\Local\Temp\jna-3003984\jna12123482436686847188.dll
0x00007ffa48f60000 - 0x00007ffa48f68000 	C:\WINDOWS\System32\PSAPI.DLL
0x00007ffa391f0000 - 0x00007ffa3920f000 	C:\WINDOWS\SYSTEM32\dhcpcsvc6.DLL
0x00007ffa39890000 - 0x00007ffa398b5000 	C:\WINDOWS\SYSTEM32\dhcpcsvc.DLL
0x00007ffa451a0000 - 0x00007ffa451d6000 	C:\WINDOWS\SYSTEM32\ntmarta.dll

JVMTI agents:
c:\Users\asus\.cursor\extensions\redhat.java-1.45.0-win32-x64\lombok\lombok-1.18.39-4050.jar path:c:\Users\asus\.cursor\extensions\redhat.java-1.45.0-win32-x64\jre\21.0.8-win32-x86_64\bin\instrument.dll, loaded, initialized, instrumentlib options:none

dbghelp: loaded successfully - version: 4.0.5 - missing functions: none
symbol engine: initialized successfully - sym options: 0x614 - pdb path: .;c:\Users\asus\.cursor\extensions\redhat.java-1.45.0-win32-x64\jre\21.0.8-win32-x86_64\bin;C:\WINDOWS\SYSTEM32;C:\WINDOWS\WinSxS\amd64_microsoft.windows.common-controls_6595b64144ccf1df_6.0.26100.4768_none_3e0c112ce331287c;c:\Users\asus\.cursor\extensions\redhat.java-1.45.0-win32-x64\jre\21.0.8-win32-x86_64\bin\server;C:\Users\asus\AppData\Roaming\Cursor\User\globalStorage\redhat.java\1.45.0\config_win\org.eclipse.equinox.launcher\org.eclipse.equinox.launcher.win32.win32.x86_64_1.2.1400.v20250801-0854;C:\Users\asus\AppData\Local\Temp\jna-3003984

VM Arguments:
jvm_args: --add-modules=ALL-SYSTEM --add-opens=java.base/java.util=ALL-UNNAMED --add-opens=java.base/java.lang=ALL-UNNAMED --add-opens=java.base/sun.nio.fs=ALL-UNNAMED -Declipse.application=org.eclipse.jdt.ls.core.id1 -Dosgi.bundles.defaultStartLevel=4 -Declipse.product=org.eclipse.jdt.ls.core.product -Djava.import.generatesMetadataFilesAtProjectRoot=false -DDetectVMInstallationsJob.disabled=true -Dfile.encoding=utf8 -XX:+UseParallelGC -XX:GCTimeRatio=4 -XX:AdaptiveSizePolicyWeight=90 -Dsun.zip.disableMemoryMapping=true -Xmx2G -Xms100m -Xlog:disable -javaagent:c:\Users\asus\.cursor\extensions\redhat.java-1.45.0-win32-x64\lombok\lombok-1.18.39-4050.jar -XX:+HeapDumpOnOutOfMemoryError -XX:HeapDumpPath=c:\Users\asus\AppData\Roaming\Cursor\User\workspaceStorage\570915f8df1493885ea5033c798fb4e3\redhat.java -Daether.dependencyCollector.impl=bf 
java_command: c:\Users\asus\.cursor\extensions\redhat.java-1.45.0-win32-x64\server\plugins\org.eclipse.equinox.launcher_1.7.0.v20250519-0528.jar -configuration c:\Users\asus\AppData\Roaming\Cursor\User\globalStorage\redhat.java\1.45.0\config_win -data c:\Users\asus\AppData\Roaming\Cursor\User\workspaceStorage\570915f8df1493885ea5033c798fb4e3\redhat.java\jdt_ws --pipe=\\.\pipe\lsp-8b3537e4ce58af773fbe8df28ebe1015-sock
java_class_path (initial): c:\Users\asus\.cursor\extensions\redhat.java-1.45.0-win32-x64\server\plugins\org.eclipse.equinox.launcher_1.7.0.v20250519-0528.jar
Launcher Type: SUN_STANDARD

[Global flags]
    uintx AdaptiveSizePolicyWeight                 = 90                                        {product} {command line}
     intx CICompilerCount                          = 3                                         {product} {ergonomic}
    uintx GCTimeRatio                              = 4                                         {product} {command line}
     bool HeapDumpOnOutOfMemoryError               = true                                   {manageable} {command line}
    ccstr HeapDumpPath                             = c:\Users\asus\AppData\Roaming\Cursor\User\workspaceStorage\570915f8df1493885ea5033c798fb4e3\redhat.java         {manageable} {command line}
   size_t InitialHeapSize                          = 104857600                                 {product} {command line}
   size_t MaxHeapSize                              = 2147483648                                {product} {command line}
   size_t MaxNewSize                               = 715653120                                 {product} {ergonomic}
   size_t MinHeapDeltaBytes                        = 524288                                    {product} {ergonomic}
   size_t MinHeapSize                              = 104857600                                 {product} {command line}
   size_t NewSize                                  = 34603008                                  {product} {ergonomic}
    uintx NonNMethodCodeHeapSize                   = 5832780                                {pd product} {ergonomic}
    uintx NonProfiledCodeHeapSize                  = 122912730                              {pd product} {ergonomic}
   size_t OldSize                                  = 70254592                                  {product} {ergonomic}
    uintx ProfiledCodeHeapSize                     = 122912730                              {pd product} {ergonomic}
    uintx ReservedCodeCacheSize                    = 251658240                              {pd product} {ergonomic}
     bool SegmentedCodeCache                       = true                                      {product} {ergonomic}
   size_t SoftMaxHeapSize                          = 2147483648                             {manageable} {ergonomic}
     bool UseCompressedOops                        = true                           {product lp64_product} {ergonomic}
     bool UseLargePagesIndividualAllocation        = false                                  {pd product} {ergonomic}
     bool UseParallelGC                            = true                                      {product} {command line}

Logging:
Log output configuration:
 #0: stdout all=off uptime,level,tags foldmultilines=false
 #1: stderr all=off uptime,level,tags foldmultilines=false

Environment Variables:
JAVA_HOME=C:\Program Files\Java\jdk-24
CLASSPATH=.;C:\Program Files\Java\jdk1.8.0_172\lib;C:\Program Files\Java\jdk1.8.0_172\jre\lib
PATH=C:\WINDOWS\system32;C:\WINDOWS;C:\WINDOWS\System32\Wbem;C:\WINDOWS\System32\WindowsPowerShell\v1.0\;C:\WINDOWS\System32\OpenSSH\;C:\msys64\mingw64\bin;C:\Program Files\dotnet\;C:\MinGW\bin;F:\Git\cmd;C:\Program Files\Microsoft SQL Server\Client SDK\ODBC\170\Tools\Binn\;C:\Program Files (x86)\Microsoft SQL Server\160\Tools\Binn\;C:\Program Files\Microsoft SQL Server\160\Tools\Binn\;C:\Program Files\Microsoft SQL Server\160\DTS\Binn\;C:\ProgramData\chocolatey\bin;C:\Program Files\CMake\bin;C:\Program Files (x86)\Microsoft SQL Server\150\Tools\Binn\;C:\Program Files\Microsoft SQL Server\150\Tools\Binn\;C:\Program Files\Microsoft SQL Server\150\DTS\Binn\;C:\Program Files\nodejs\;C:\Program Files\Docker\Docker\resources\bin;C:\Program Files\Java\jdk-24\bin;C:\Program Files\apache-maven-3.9.11\bin;c:\Users\asus\AppData\Local\Programs\cursor\resources\app\codeBin;C:\Users\asus\AppData\Local\Programs\Python\Python313\Scripts\;C:\Users\asus\AppData\Local\Programs\Python\Python313\;C:\Users\asus\AppData\Local\Programs\Python\Launcher\;C:\Program Files\MySQL\MySQL Shell 8.0\bin\;C:\Users\asus\AppData\Local\Programs\Python\Python38\Scripts\;C:\Users\asus\AppData\Local\Programs\Python\Python38\;C:\Users\asus\AppData\Local\Microsoft\WindowsApps;C:\Program Files\JetBrains\PyCharm 2021.2\bin;C:\Users\asus\AppData\Local\Microsoft\WindowsApps;C:\Program Files\JetBrains\IntelliJ IDEA Community Edition 2023.2\bin;;C:\Users\asus\AppData\Local\Programs\Microsoft VS Code\bin;C:\Users\asus\.dotnet\tools;C:\Users\asus\AppData\Local\GitHubDesktop\bin;C:\Users\asus\AppData\Roaming\npm;C:\Program Files\JetBrains\IntelliJ IDEA 2025.2.1\bin;C:\Users\asus\AppData\Local\Programs\cursor\resources\app\bin
USERNAME=asus
OS=Windows_NT
PROCESSOR_IDENTIFIER=Intel64 Family 6 Model 126 Stepping 5, GenuineIntel
TMP=C:\Users\asus\AppData\Local\Temp
TEMP=C:\Users\asus\AppData\Local\Temp




Periodic native trim disabled

---------------  S Y S T E M  ---------------

OS:
 Windows 11 , 64 bit Build 26100 (10.0.26100.4768)
OS uptime: 0 days 2:25 hours
Hyper-V role detected

CPU: total 4 (initial active 4) (2 cores per cpu, 2 threads per core) family 6 model 126 stepping 5 microcode 0xa6, cx8, cmov, fxsr, ht, mmx, 3dnowpref, sse, sse2, sse3, ssse3, sse4.1, sse4.2, popcnt, lzcnt, tsc, tscinvbit, avx, avx2, aes, erms, clmul, bmi1, bmi2, adx, avx512f, avx512dq, avx512cd, avx512bw, avx512vl, sha, fma, vzeroupper, avx512_vpopcntdq, avx512_vpclmulqdq, avx512_vaes, avx512_vnni, clflush, clflushopt, avx512_vbmi2, avx512_vbmi, hv, rdtscp, rdpid, fsrm, gfni, avx512_bitalg, f16c, avx512_ifma
Processor Information for the first 4 processors :
  Max Mhz: 1201, Current Mhz: 1200, Mhz Limit: 1188

Memory: 4k page, system-wide physical 12094M (1551M free)
TotalPageFile size 16190M (AvailPageFile size 1M)
current process WorkingSet (physical memory assigned to process): 1434M, peak: 1690M
current process commit charge ("private bytes"): 1469M, peak: 1765M

vm_info: OpenJDK 64-Bit Server VM (21.0.8+9-LTS) for windows-amd64 JRE (21.0.8+9-LTS), built on 2025-07-15T00:00:00Z by "admin" with MS VC++ 17.7 (VS2022)

END.
